Archive member included to satisfy reference by file (symbol)

c:/program files (x86)/atmel/studio/7.0/toolchain/arm/arm-gnu-toolchain/bin/../lib/gcc/arm-none-eabi/6.3.1/thumb/v7e-m\libgcc.a(_arm_addsubdf3.o)
                              src/main.o (__aeabi_dadd)
c:/program files (x86)/atmel/studio/7.0/toolchain/arm/arm-gnu-toolchain/bin/../lib/gcc/arm-none-eabi/6.3.1/thumb/v7e-m\libgcc.a(_arm_muldivdf3.o)
                              src/main.o (__aeabi_dmul)
c:/program files (x86)/atmel/studio/7.0/toolchain/arm/arm-gnu-toolchain/bin/../lib/gcc/arm-none-eabi/6.3.1/thumb/v7e-m\libgcc.a(_arm_fixdfsi.o)
                              src/main.o (__aeabi_d2iz)
c:/program files (x86)/atmel/studio/7.0/toolchain/arm/arm-gnu-toolchain/bin/../lib/gcc/arm-none-eabi/6.3.1/../../../../arm-none-eabi/lib/thumb/v7e-m\libc.a(lib_a-exit.o)
                              c:/program files (x86)/atmel/studio/7.0/toolchain/arm/arm-gnu-toolchain/bin/../lib/gcc/arm-none-eabi/6.3.1/../../../../arm-none-eabi/lib/thumb/v7e-m/crt0.o (exit)
c:/program files (x86)/atmel/studio/7.0/toolchain/arm/arm-gnu-toolchain/bin/../lib/gcc/arm-none-eabi/6.3.1/../../../../arm-none-eabi/lib/thumb/v7e-m\libc.a(lib_a-impure.o)
                              c:/program files (x86)/atmel/studio/7.0/toolchain/arm/arm-gnu-toolchain/bin/../lib/gcc/arm-none-eabi/6.3.1/../../../../arm-none-eabi/lib/thumb/v7e-m\libc.a(lib_a-exit.o) (_global_impure_ptr)
c:/program files (x86)/atmel/studio/7.0/toolchain/arm/arm-gnu-toolchain/bin/../lib/gcc/arm-none-eabi/6.3.1/../../../../arm-none-eabi/lib/thumb/v7e-m\libc.a(lib_a-init.o)
                              c:/program files (x86)/atmel/studio/7.0/toolchain/arm/arm-gnu-toolchain/bin/../lib/gcc/arm-none-eabi/6.3.1/../../../../arm-none-eabi/lib/thumb/v7e-m/crt0.o (__libc_init_array)
c:/program files (x86)/atmel/studio/7.0/toolchain/arm/arm-gnu-toolchain/bin/../lib/gcc/arm-none-eabi/6.3.1/../../../../arm-none-eabi/lib/thumb/v7e-m\libc.a(lib_a-memset.o)
                              c:/program files (x86)/atmel/studio/7.0/toolchain/arm/arm-gnu-toolchain/bin/../lib/gcc/arm-none-eabi/6.3.1/../../../../arm-none-eabi/lib/thumb/v7e-m/crt0.o (memset)
c:/program files (x86)/atmel/studio/7.0/toolchain/arm/arm-gnu-toolchain/bin/../lib/gcc/arm-none-eabi/6.3.1/../../../../arm-none-eabi/lib/thumb/v7e-m\libc.a(lib_a-sprintf.o)
                              src/main.o (sprintf)
c:/program files (x86)/atmel/studio/7.0/toolchain/arm/arm-gnu-toolchain/bin/../lib/gcc/arm-none-eabi/6.3.1/../../../../arm-none-eabi/lib/thumb/v7e-m\libc.a(lib_a-svfprintf.o)
                              c:/program files (x86)/atmel/studio/7.0/toolchain/arm/arm-gnu-toolchain/bin/../lib/gcc/arm-none-eabi/6.3.1/../../../../arm-none-eabi/lib/thumb/v7e-m\libc.a(lib_a-sprintf.o) (_svfprintf_r)
c:/program files (x86)/atmel/studio/7.0/toolchain/arm/arm-gnu-toolchain/bin/../lib/gcc/arm-none-eabi/6.3.1/../../../../arm-none-eabi/lib/thumb/v7e-m\libc.a(lib_a-__call_atexit.o)
                              c:/program files (x86)/atmel/studio/7.0/toolchain/arm/arm-gnu-toolchain/bin/../lib/gcc/arm-none-eabi/6.3.1/../../../../arm-none-eabi/lib/thumb/v7e-m\libc.a(lib_a-exit.o) (__call_exitprocs)
c:/program files (x86)/atmel/studio/7.0/toolchain/arm/arm-gnu-toolchain/bin/../lib/gcc/arm-none-eabi/6.3.1/../../../../arm-none-eabi/lib/thumb/v7e-m\libc.a(lib_a-atexit.o)
                              c:/program files (x86)/atmel/studio/7.0/toolchain/arm/arm-gnu-toolchain/bin/../lib/gcc/arm-none-eabi/6.3.1/../../../../arm-none-eabi/lib/thumb/v7e-m\libc.a(lib_a-__call_atexit.o) (atexit)
c:/program files (x86)/atmel/studio/7.0/toolchain/arm/arm-gnu-toolchain/bin/../lib/gcc/arm-none-eabi/6.3.1/../../../../arm-none-eabi/lib/thumb/v7e-m\libc.a(lib_a-dtoa.o)
                              c:/program files (x86)/atmel/studio/7.0/toolchain/arm/arm-gnu-toolchain/bin/../lib/gcc/arm-none-eabi/6.3.1/../../../../arm-none-eabi/lib/thumb/v7e-m\libc.a(lib_a-svfprintf.o) (_dtoa_r)
c:/program files (x86)/atmel/studio/7.0/toolchain/arm/arm-gnu-toolchain/bin/../lib/gcc/arm-none-eabi/6.3.1/../../../../arm-none-eabi/lib/thumb/v7e-m\libc.a(lib_a-fini.o)
                              c:/program files (x86)/atmel/studio/7.0/toolchain/arm/arm-gnu-toolchain/bin/../lib/gcc/arm-none-eabi/6.3.1/../../../../arm-none-eabi/lib/thumb/v7e-m\libc.a(lib_a-__call_atexit.o) (__libc_fini_array)
c:/program files (x86)/atmel/studio/7.0/toolchain/arm/arm-gnu-toolchain/bin/../lib/gcc/arm-none-eabi/6.3.1/../../../../arm-none-eabi/lib/thumb/v7e-m\libc.a(lib_a-localeconv.o)
                              c:/program files (x86)/atmel/studio/7.0/toolchain/arm/arm-gnu-toolchain/bin/../lib/gcc/arm-none-eabi/6.3.1/../../../../arm-none-eabi/lib/thumb/v7e-m\libc.a(lib_a-svfprintf.o) (_localeconv_r)
c:/program files (x86)/atmel/studio/7.0/toolchain/arm/arm-gnu-toolchain/bin/../lib/gcc/arm-none-eabi/6.3.1/../../../../arm-none-eabi/lib/thumb/v7e-m\libc.a(lib_a-lock.o)
[...]
Memory Configuration

Name             Origin             Length             Attributes
rom              0x00400000         0x00200000         xr
ram              0x20400000         0x00060000         xrw
*default*        0x00000000         0xffffffff

Linker script and memory map

LOAD c:/program files (x86)/atmel/studio/7.0/toolchain/arm/arm-gnu-toolchain/bin/../lib/gcc/arm-none-eabi/6.3.1/thumb/v7e-m/crti.o
LOAD c:/program files (x86)/atmel/studio/7.0/toolchain/arm/arm-gnu-toolchain/bin/../lib/gcc/arm-none-eabi/6.3.1/thumb/v7e-m/crtbegin.o
LOAD c:/program files (x86)/atmel/studio/7.0/toolchain/arm/arm-gnu-toolchain/bin/../lib/gcc/arm-none-eabi/6.3.1/../../../../arm-none-eabi/lib/thumb/v7e-m/crt0.o
LOAD src/ASF/sam/drivers/rtc/rtc.o
LOAD src/ASF/sam/drivers/rtt/rtt.o
LOAD src/main.o
LOAD src/ASF/common/services/delay/sam/cycle_counter.o
LOAD src/ASF/common/services/spi/sam_spi/spi_master.o
LOAD src/ASF/sam/components/display/ili9488/ili9488.o
LOAD src/ASF/sam/drivers/spi/spi.o
LOAD src/ASF/common/services/clock/same70/sysclk.o
LOAD src/ASF/common/utils/interrupt/interrupt_sam_nvic.o
LOAD src/ASF/sam/boards/same70_xplained/init.o
LOAD src/ASF/sam/drivers/mpu/mpu.o
LOAD src/ASF/sam/drivers/pio/pio.o
LOAD src/ASF/sam/drivers/pio/pio_handler.o
LOAD src/ASF/sam/drivers/pmc/pmc.o
LOAD src/ASF/sam/drivers/pmc/sleep.o
LOAD src/ASF/sam/utils/cmsis/same70/source/templates/gcc/startup_same70.o
LOAD src/ASF/sam/utils/cmsis/same70/source/templates/system_same70.o
LOAD src/ASF/sam/utils/syscalls/gcc/syscalls.o
START GROUP
LOAD ../src/ASF/thirdparty/CMSIS/Lib/GCC\libarm_cortexM7lfsp_math_softfp.a
LOAD c:/program files (x86)/atmel/studio/7.0/toolchain/arm/arm-gnu-toolchain/bin/../lib/gcc/arm-none-eabi/6.3.1/../../../../arm-none-eabi/lib/thumb/v7e-m\libm.a
END GROUP
START GROUP
LOAD c:/program files (x86)/atmel/studio/7.0/toolchain/arm/arm-gnu-toolchain/bin/../lib/gcc/arm-none-eabi/6.3.1/thumb/v7e-m\libgcc.a
LOAD c:/program files (x86)/atmel/studio/7.0/toolchain/arm/arm-gnu-toolchain/bin/../lib/gcc/arm-none-eabi/6.3.1/../../../../arm-none-eabi/lib/thumb/v7e-m\libc.a
END GROUP
LOAD c:/program files (x86)/atmel/studio/7.0/toolchain/arm/arm-gnu-toolchain/bin/../lib/gcc/arm-none-eabi/6.3.1/thumb/v7e-m/crtend.o
LOAD c:/program files (x86)/atmel/studio/7.0/toolchain/arm/arm-gnu-toolchain/bin/../lib/gcc/arm-none-eabi/6.3.1/thumb/v7e-m/crtn.o
                0x00002000                STACK_SIZE = DEFINED (STACK_SIZE)?STACK_SIZE:0x2000
                0x2045fffc                __ram_end__ = ((ORIGIN (ram) + LENGTH (ram)) - 0x4)
                0x00000200                HEAP_SIZE = DEFINED (HEAP_SIZE)?HEAP_SIZE:0x200

.text           0x00400000    0x4d7dc
                0x00400000                . = ALIGN (0x4)
                0x00400000                _sfixed = .
 *(.vectors .vectors.*)
 .vectors       0x00400000      0x168 src/ASF/sam/utils/cmsis/same70/source/templates/gcc/startup_same70.o
                0x00400000                exception_table
 *(.text .text.* .gnu.linkonce.t.*)
 .text          0x00400168       0x6c c:/program files (x86)/atmel/studio/7.0/toolchain/arm/arm-gnu-toolchain/bin/../lib/gcc/arm-none-eabi/6.3.1/thumb/v7e-m/crtbegin.o
 .text.rtc_get_time
                0x004001d4       0xc4 src/ASF/sam/drivers/rtc/rtc.o
                0x004001d4                rtc_get_time
 .text.rtc_set_time_alarm
                0x00400298      0x100 src/ASF/sam/drivers/rtc/rtc.o
                0x00400298                rtc_set_time_alarm
 .text.rtc_get_status
                0x00400398       0x18 src/ASF/sam/drivers/rtc/rtc.o
                0x00400398                rtc_get_status
 .text.rtc_clear_status
                0x004003b0       0x1c src/ASF/sam/drivers/rtc/rtc.o
                0x004003b0                rtc_clear_status
 .text.rtt_init
                0x004003cc       0x30 src/ASF/sam/drivers/rtt/rtt.o
                0x004003cc                rtt_init
 .text.rtt_sel_source
                0x004003fc       0x58 src/ASF/sam/drivers/rtt/rtt.o
                0x004003fc                rtt_sel_source
 .text.rtt_enable_interrupt
                0x00400454       0x38 src/ASF/sam/drivers/rtt/rtt.o
                0x00400454                rtt_enable_interrupt
 .text.rtt_disable_interrupt
                0x0040048c       0x40 src/ASF/sam/drivers/rtt/rtt.o
                0x0040048c                rtt_disable_interrupt
 .text.rtt_read_timer_value
                0x004004cc       0x2e src/ASF/sam/drivers/rtt/rtt.o
                0x004004cc                rtt_read_timer_value
 .text.rtt_get_status
                0x004004fa       0x18 src/ASF/sam/drivers/rtt/rtt.o
                0x004004fa                rtt_get_status
 *fill*         0x00400512        0x2 
 .text.rtt_write_alarm_time
                0x00400514       0x5c src/ASF/sam/drivers/rtt/rtt.o
                0x00400514                rtt_write_alarm_time
 .text.NVIC_EnableIRQ
                0x00400570       0x34 src/main.o
 .text.NVIC_DisableIRQ
                0x004005a4       0x34 src/main.o
 .text.NVIC_ClearPendingIRQ
                0x004005d8       0x34 src/main.o
 .text.NVIC_SetPriority
                0x0040060c       0x54 src/main.o
 .text.but_callback
                0x00400660       0x18 src/main.o
                0x00400660                but_callback
 .text.RTT_Handler
                0x00400678       0x44 src/main.o
                0x00400678                RTT_Handler
 .text.RTC_Handler
                0x004006bc       0x98 src/main.o
                0x004006bc                RTC_Handler
 .text.pin_toggle
                0x00400754       0x40 src/main.o
                0x00400754                pin_toggle
 .text.io_init  0x00400794       0x88 src/main.o
                0x00400794                io_init
 .text.RTT_init
                0x0040081c       0x98 src/main.o
 .text.configure_lcd
                0x004008b4       0x4c src/main.o
                0x004008b4                configure_lcd
 .text.font_draw_text
                0x00400900       0x88 src/main.o
                0x00400900                font_draw_text
 .text.main     0x00400988      0x240 src/main.o
                0x00400988                main
 .text.osc_get_rate
                0x00400bc8       0x74 src/ASF/common/services/spi/sam_spi/spi_master.o
 .text.sysclk_get_main_hz
                0x00400c3c       0x20 src/ASF/common/services/spi/sam_spi/spi_master.o
 .text.sysclk_get_peripheral_hz
                0x00400c5c       0x14 src/ASF/common/services/spi/sam_spi/spi_master.o
 .text.spi_reset
                0x00400c70       0x1a src/ASF/common/services/spi/sam_spi/spi_master.o
 .text.spi_set_master_mode
                0x00400c8a       0x20 src/ASF/common/services/spi/sam_spi/spi_master.o
 .text.spi_set_fixed_peripheral_select
                0x00400caa       0x20 src/ASF/common/services/spi/sam_spi/spi_master.o
 .text.spi_disable_peripheral_select_decode
                0x00400cca       0x20 src/ASF/common/services/spi/sam_spi/spi_master.o
 .text.spi_get_peripheral_select_decode_setting
                0x00400cea       0x26 src/ASF/common/services/spi/sam_spi/spi_master.o
 .text.spi_disable_mode_fault_detect
                0x00400d10       0x20 src/ASF/common/services/spi/sam_spi/spi_master.o
 .text.spi_disable_loopback
                0x00400d30       0x20 src/ASF/common/services/spi/sam_spi/spi_master.o
 .text.spi_put  0x00400d50       0x1e src/ASF/common/services/spi/sam_spi/spi_master.o
 .text.spi_get  0x00400d6e       0x1a src/ASF/common/services/spi/sam_spi/spi_master.o
 .text.spi_is_tx_ready
                0x00400d88       0x26 src/ASF/common/services/spi/sam_spi/spi_master.o
 .text.spi_is_rx_ready
                0x00400dae       0x2c src/ASF/common/services/spi/sam_spi/spi_master.o
 *fill*         0x00400dda        0x2 
 .text.spi_write_single
                0x00400ddc       0x24 src/ASF/common/services/spi/sam_spi/spi_master.o
 .text.spi_read_single
                0x00400e00       0x24 src/ASF/common/services/spi/sam_spi/spi_master.o
 .text.spi_master_init
                0x00400e24       0x70 src/ASF/common/services/spi/sam_spi/spi_master.o
                0x00400e24                spi_master_init
 .text.spi_master_setup_device
                0x00400e94       0xb4 src/ASF/common/services/spi/sam_spi/spi_master.o
                0x00400e94                spi_master_setup_device
 .text.spi_select_device
                0x00400f48       0x58 src/ASF/common/services/spi/sam_spi/spi_master.o
                0x00400f48                spi_select_device
 .text.spi_write_packet
                0x00400fa0       0x74 src/ASF/common/services/spi/sam_spi/spi_master.o
                0x00400fa0                spi_write_packet
 .text.spi_read_packet
                0x00401014       0xac src/ASF/common/services/spi/sam_spi/spi_master.o
                0x00401014                spi_read_packet
 .text.spi_enable
                0x004010c0       0x1a src/ASF/sam/components/display/ili9488/ili9488.o
 .text.spi_enable_interrupt
                0x004010da       0x1c src/ASF/sam/components/display/ili9488/ili9488.o
 *fill*         0x004010f6        0x2 
 .text.ili9488_write_ram_prepare
                0x004010f8       0x40 src/ASF/sam/components/display/ili9488/ili9488.o
 .text.ili9488_write_ram_buffer
                0x00401138       0x40 src/ASF/sam/components/display/ili9488/ili9488.o
 .text.ili9488_write_register
                0x00401178       0x78 src/ASF/sam/components/display/ili9488/ili9488.o
 .text.ili9488_read_chipid
                0x004011f0       0xcc src/ASF/sam/components/display/ili9488/ili9488.o
 .text.ili9488_delay
                0x004012bc       0x40 src/ASF/sam/components/display/ili9488/ili9488.o
                0x004012bc                ili9488_delay
 .text.ili9488_check_box_coordinates
                0x004012fc       0xa2 src/ASF/sam/components/display/ili9488/ili9488.o
 *fill*         0x0040139e        0x2 
 .text.ili9488_set_display_direction
                0x004013a0       0x34 src/ASF/sam/components/display/ili9488/ili9488.o
                0x004013a0                ili9488_set_display_direction
 .text.ili9488_set_window
                0x004013d4       0xc8 src/ASF/sam/components/display/ili9488/ili9488.o
                0x004013d4                ili9488_set_window
 .text.ili9488_init
                0x0040149c      0x15c src/ASF/sam/components/display/ili9488/ili9488.o
                0x0040149c                ili9488_init
 .text.ili9488_display_on
                0x004015f8       0x18 src/ASF/sam/components/display/ili9488/ili9488.o
                0x004015f8                ili9488_display_on
 .text.ili9488_set_foreground_color
                0x00401610       0x54 src/ASF/sam/components/display/ili9488/ili9488.o
                0x00401610                ili9488_set_foreground_color
 .text.ili9488_set_cursor_position
                0x00401664       0x84 src/ASF/sam/components/display/ili9488/ili9488.o
                0x00401664                ili9488_set_cursor_position
 .text.ili9488_draw_filled_rectangle
                0x004016e8       0xdc src/ASF/sam/components/display/ili9488/ili9488.o
                0x004016e8                ili9488_draw_filled_rectangle
 .text.ili9488_draw_pixmap
                0x004017c4       0xb4 src/ASF/sam/components/display/ili9488/ili9488.o
                0x004017c4                ili9488_draw_pixmap
 .text.spi_get_peripheral_select_mode
                0x00401878       0x26 src/ASF/sam/drivers/spi/spi.o
 *fill*         0x0040189e        0x2 
 .text.sysclk_enable_peripheral_clock
                0x004018a0       0x1c src/ASF/sam/drivers/spi/spi.o
 .text.spi_enable_clock
                0x004018bc       0x3c src/ASF/sam/drivers/spi/spi.o
                0x004018bc                spi_enable_clock
 .text.spi_set_peripheral_chip_select_value
                0x004018f8       0x34 src/ASF/sam/drivers/spi/spi.o
                0x004018f8                spi_set_peripheral_chip_select_value
 .text.spi_set_delay_between_chip_select
                0x0040192c       0x30 src/ASF/sam/drivers/spi/spi.o
                0x0040192c                spi_set_delay_between_chip_select
 .text.spi_write
                0x0040195c       0x80 src/ASF/sam/drivers/spi/spi.o
                0x0040195c                spi_write
 .text.spi_set_clock_polarity
                0x004019dc       0x50 src/ASF/sam/drivers/spi/spi.o
                0x004019dc                spi_set_clock_polarity
 .text.spi_set_clock_phase
                0x00401a2c       0x50 src/ASF/sam/drivers/spi/spi.o
                0x00401a2c                spi_set_clock_phase
 .text.spi_configure_cs_behavior
                0x00401a7c       0xa6 src/ASF/sam/drivers/spi/spi.o
                0x00401a7c                spi_configure_cs_behavior
 .text.spi_set_bits_per_transfer
                0x00401b22       0x4a src/ASF/sam/drivers/spi/spi.o
                0x00401b22                spi_set_bits_per_transfer
 .text.spi_calc_baudrate_div
                0x00401b6c       0x3c src/ASF/sam/drivers/spi/spi.o
                0x00401b6c                spi_calc_baudrate_div
 .text.spi_set_baudrate_div
                0x00401ba8       0x5e src/ASF/sam/drivers/spi/spi.o
                0x00401ba8                spi_set_baudrate_div
 .text.spi_set_transfer_delay
                0x00401c06       0x5e src/ASF/sam/drivers/spi/spi.o
                0x00401c06                spi_set_transfer_delay
 .text.osc_enable
                0x00401c64       0x88 src/ASF/common/services/clock/same70/sysclk.o
 .text.osc_is_ready
                0x00401cec       0x70 src/ASF/common/services/clock/same70/sysclk.o
 .text.osc_get_rate
                0x00401d5c       0x74 src/ASF/common/services/clock/same70/sysclk.o
 .text.osc_wait_ready
                0x00401dd0       0x2c src/ASF/common/services/clock/same70/sysclk.o
 .text.pll_config_init
                0x00401dfc       0x6c src/ASF/common/services/clock/same70/sysclk.o
 .text.pll_enable
                0x00401e68       0x40 src/ASF/common/services/clock/same70/sysclk.o
 .text.pll_is_locked
                0x00401ea8       0x2c src/ASF/common/services/clock/same70/sysclk.o
 .text.pll_enable_source
                0x00401ed4       0x38 src/ASF/common/services/clock/same70/sysclk.o
 .text.pll_wait_for_lock
                0x00401f0c       0x24 src/ASF/common/services/clock/same70/sysclk.o
 .text.sysclk_get_main_hz
                0x00401f30       0x20 src/ASF/common/services/clock/same70/sysclk.o
 .text.sysclk_get_cpu_hz
                0x00401f50       0x14 src/ASF/common/services/clock/same70/sysclk.o
 .text.sysclk_init
                0x00401f64       0x7c src/ASF/common/services/clock/same70/sysclk.o
                0x00401f64                sysclk_init
 .text.SCB_EnableICache
                0x00401fe0       0x38 src/ASF/sam/boards/same70_xplained/init.o
 .text.SCB_EnableDCache
                0x00402018       0xa4 src/ASF/sam/boards/same70_xplained/init.o
 .text.sysclk_enable_peripheral_clock
                0x004020bc       0x1c src/ASF/sam/boards/same70_xplained/init.o
 .text.ioport_init
                0x004020d8       0x2c src/ASF/sam/boards/same70_xplained/init.o
 .text.ioport_set_pin_mode
                0x00402104      0x11c src/ASF/sam/boards/same70_xplained/init.o
 .text.ioport_set_pin_dir
                0x00402220       0x88 src/ASF/sam/boards/same70_xplained/init.o
 .text.ioport_set_pin_level
                0x004022a8       0x6c src/ASF/sam/boards/same70_xplained/init.o
 .text.ioport_set_pin_sense_mode
                0x00402314       0xd0 src/ASF/sam/boards/same70_xplained/init.o
 .text.tcm_disable
                0x004023e4       0x44 src/ASF/sam/boards/same70_xplained/init.o
 .text.board_init
                0x00402428      0x188 src/ASF/sam/boards/same70_xplained/init.o
                0x00402428                board_init
 .text.pio_pull_up
                0x004025b0       0x2c src/ASF/sam/drivers/pio/pio.o
                0x004025b0                pio_pull_up
 .text.pio_set  0x004025dc       0x1c src/ASF/sam/drivers/pio/pio.o
                0x004025dc                pio_set
 .text.pio_clear
                0x004025f8       0x1c src/ASF/sam/drivers/pio/pio.o
                0x004025f8                pio_clear
 .text.pio_set_peripheral
                0x00402614      0x110 src/ASF/sam/drivers/pio/pio.o
                0x00402614                pio_set_peripheral
 .text.pio_set_input
                0x00402724       0x80 src/ASF/sam/drivers/pio/pio.o
                0x00402724                pio_set_input
 .text.pio_set_output
                0x004027a4       0x64 src/ASF/sam/drivers/pio/pio.o
                0x004027a4                pio_set_output
 .text.pio_configure
                0x00402808       0xcc src/ASF/sam/drivers/pio/pio.o
                0x00402808                pio_configure
 .text.pio_get_output_data_status
                0x004028d4       0x28 src/ASF/sam/drivers/pio/pio.o
                0x004028d4                pio_get_output_data_status
 .text.pio_configure_interrupt
                0x004028fc       0x6c src/ASF/sam/drivers/pio/pio.o
                0x004028fc                pio_configure_interrupt
 .text.pio_enable_interrupt
                0x00402968       0x1c src/ASF/sam/drivers/pio/pio.o
                0x00402968                pio_enable_interrupt
 .text.pio_disable_interrupt
                0x00402984       0x1c src/ASF/sam/drivers/pio/pio.o
                0x00402984                pio_disable_interrupt
 .text.pio_get_interrupt_status
                0x004029a0       0x18 src/ASF/sam/drivers/pio/pio.o
                0x004029a0                pio_get_interrupt_status
 .text.pio_get_interrupt_mask
                0x004029b8       0x18 src/ASF/sam/drivers/pio/pio.o
                0x004029b8                pio_get_interrupt_mask
 .text.pio_set_pin_high
                0x004029d0       0x30 src/ASF/sam/drivers/pio/pio.o
                0x004029d0                pio_set_pin_high
 .text.pio_set_pin_low
                0x00402a00       0x30 src/ASF/sam/drivers/pio/pio.o
                0x00402a00                pio_set_pin_low
 .text.pio_configure_pin
                0x00402a30      0x1b0 src/ASF/sam/drivers/pio/pio.o
                0x00402a30                pio_configure_pin
 .text.pio_get_pin_group
                0x00402be0       0x28 src/ASF/sam/drivers/pio/pio.o
                0x00402be0                pio_get_pin_group
 .text.pio_handler_process
                0x00402c08       0xb4 src/ASF/sam/drivers/pio/pio_handler.o
                0x00402c08                pio_handler_process
 .text.pio_handler_set
                0x00402cbc       0xa0 src/ASF/sam/drivers/pio/pio_handler.o
                0x00402cbc                pio_handler_set
 .text.PIOA_Handler
                0x00402d5c       0x18 src/ASF/sam/drivers/pio/pio_handler.o
                0x00402d5c                PIOA_Handler
 .text.PIOB_Handler
                0x00402d74       0x18 src/ASF/sam/drivers/pio/pio_handler.o
                0x00402d74                PIOB_Handler
 .text.PIOC_Handler
                0x00402d8c       0x18 src/ASF/sam/drivers/pio/pio_handler.o
                0x00402d8c                PIOC_Handler
 .text.PIOD_Handler
                0x00402da4       0x18 src/ASF/sam/drivers/pio/pio_handler.o
                0x00402da4                PIOD_Handler
 .text.PIOE_Handler
                0x00402dbc       0x18 src/ASF/sam/drivers/pio/pio_handler.o
                0x00402dbc                PIOE_Handler
 .text.pmc_mck_set_division
                0x00402dd4       0x7c src/ASF/sam/drivers/pmc/pmc.o
                0x00402dd4                pmc_mck_set_division
 .text.pmc_switch_mck_to_pllack
                0x00402e50       0x84 src/ASF/sam/drivers/pmc/pmc.o
                0x00402e50                pmc_switch_mck_to_pllack
 .text.pmc_switch_sclk_to_32kxtal
                0x00402ed4       0x38 src/ASF/sam/drivers/pmc/pmc.o
                0x00402ed4                pmc_switch_sclk_to_32kxtal
 .text.pmc_osc_is_ready_32kxtal
                0x00402f0c       0x34 src/ASF/sam/drivers/pmc/pmc.o
                0x00402f0c                pmc_osc_is_ready_32kxtal
 .text.pmc_switch_mainck_to_fastrc
                0x00402f40       0x70 src/ASF/sam/drivers/pmc/pmc.o
                0x00402f40                pmc_switch_mainck_to_fastrc
 .text.pmc_switch_mainck_to_xtal
                0x00402fb0       0x78 src/ASF/sam/drivers/pmc/pmc.o
                0x00402fb0                pmc_switch_mainck_to_xtal
 .text.pmc_osc_is_ready_mainck
                0x00403028       0x1c src/ASF/sam/drivers/pmc/pmc.o
                0x00403028                pmc_osc_is_ready_mainck
 .text.pmc_disable_pllack
                0x00403044       0x1c src/ASF/sam/drivers/pmc/pmc.o
                0x00403044                pmc_disable_pllack
 .text.pmc_is_locked_pllack
                0x00403060       0x1c src/ASF/sam/drivers/pmc/pmc.o
                0x00403060                pmc_is_locked_pllack
 .text.pmc_is_locked_upll
                0x0040307c       0x1c src/ASF/sam/drivers/pmc/pmc.o
                0x0040307c                pmc_is_locked_upll
 .text.pmc_enable_periph_clk
                0x00403098       0x3c src/ASF/sam/drivers/pmc/pmc.o
                0x00403098                pmc_enable_periph_clk
 .text.pmc_set_flash_in_wait_mode
                0x004030d4       0x20 src/ASF/sam/drivers/pmc/pmc.o
                0x004030d4                pmc_set_flash_in_wait_mode
 .text.pmc_enable_waitmode
                0x004030f4       0x90 src/ASF/sam/drivers/pmc/pmc.o
                0x004030f4                pmc_enable_waitmode
 .text.pmc_sleep
                0x00403184      0x398 src/ASF/sam/drivers/pmc/sleep.o
                0x00403184                pmc_sleep
 .text.cpu_irq_save
                0x0040351c       0x38 src/ASF/sam/utils/cmsis/same70/source/templates/gcc/startup_same70.o
 .text.cpu_irq_is_enabled_flags
                0x00403554       0x20 src/ASF/sam/utils/cmsis/same70/source/templates/gcc/startup_same70.o
 .text.cpu_irq_restore
                0x00403574       0x30 src/ASF/sam/utils/cmsis/same70/source/templates/gcc/startup_same70.o
 .text.Reset_Handler
                0x004035a4       0xb0 src/ASF/sam/utils/cmsis/same70/source/templates/gcc/startup_same70.o
                0x004035a4                Reset_Handler
 .text.Dummy_Handler
                0x00403654        0x6 src/ASF/sam/utils/cmsis/same70/source/templates/gcc/startup_same70.o
                0x00403654                DACC_Handler
                0x00403654                DebugMon_Handler
                0x00403654                UART3_Handler
                0x00403654                UART2_Handler
                0x00403654                TRNG_Handler
                0x00403654                HardFault_Handler
                0x00403654                TC2_Handler
                0x00403654                SysTick_Handler
                0x00403654                AFEC1_Handler
                0x00403654                PendSV_Handler
                0x00403654                NMI_Handler
                0x00403654                TC7_Handler
                0x00403654                QSPI_Handler
                0x00403654                ISI_Handler
                0x00403654                MCAN0_INT0_Handler
                0x00403654                TC9_Handler
                0x00403654                RSWDT_Handler
                0x00403654                USART0_Handler
                0x00403654                USBHS_Handler
                0x00403654                IXC_Handler
                0x00403654                CCF_Handler
                0x00403654                UsageFault_Handler
                0x00403654                TC6_Handler
                0x00403654                WDT_Handler
                0x00403654                MCAN1_INT1_Handler
                0x00403654                TC4_Handler
                0x00403654                TC1_Handler
                0x00403654                HSMCI_Handler
                0x00403654                UART1_Handler
                0x00403654                TC3_Handler
                0x00403654                Dummy_Handler
                0x00403654                TWIHS1_Handler
                0x00403654                XDMAC_Handler
                0x00403654                UART4_Handler
                0x00403654                PWM1_Handler
                0x00403654                USART1_Handler
                0x00403654                PWM0_Handler
                0x00403654                AFEC0_Handler
                0x00403654                CCW_Handler
                0x00403654                TC11_Handler
                0x00403654                SSC_Handler
                0x00403654                ACC_Handler
                0x00403654                PMC_Handler
                0x00403654                GMAC_Handler
                0x00403654                MCAN0_INT1_Handler
                0x00403654                GMAC_Q5_Handler
                0x00403654                MemManage_Handler
                0x00403654                SUPC_Handler
                0x00403654                SVC_Handler
                0x00403654                TC8_Handler
                0x00403654                MCAN1_INT0_Handler
                0x00403654                EFC_Handler
                0x00403654                GMAC_Q1_Handler
                0x00403654                USART2_Handler
                0x00403654                SDRAMC_Handler
                0x00403654                GMAC_Q2_Handler
                0x00403654                SPI1_Handler
                0x00403654                TC10_Handler
                0x00403654                GMAC_Q3_Handler
                0x00403654                TWIHS2_Handler
                0x00403654                I2SC0_Handler
                0x00403654                UART0_Handler
                0x00403654                I2SC1_Handler
                0x00403654                GMAC_Q4_Handler
                0x00403654                FPU_Handler
                0x00403654                BusFault_Handler
                0x00403654                RSTC_Handler
                0x00403654                TC0_Handler
                0x00403654                TC5_Handler
                0x00403654                AES_Handler
                0x00403654                ICM_Handler
                0x00403654                TWIHS0_Handler
                0x00403654                SPI0_Handler
 *fill*         0x0040365a        0x2 
 .text.SystemCoreClockUpdate
                0x0040365c      0x168 src/ASF/sam/utils/cmsis/same70/source/templates/system_same70.o
                0x0040365c                SystemCoreClockUpdate
 .text.system_init_flash
                0x004037c4       0xb0 src/ASF/sam/utils/cmsis/same70/source/templates/system_same70.o
                0x004037c4                system_init_flash
 .text._sbrk    0x00403874       0x58 src/ASF/sam/utils/syscalls/gcc/syscalls.o
                0x00403874                _sbrk
 .text          0x004038cc      0x370 c:/program files (x86)/atmel/studio/7.0/toolchain/arm/arm-gnu-toolchain/bin/../lib/gcc/arm-none-eabi/6.3.1/thumb/v7e-m\libgcc.a(_arm_addsubdf3.o)
                0x004038cc                __aeabi_drsub
                0x004038d4                __aeabi_dsub
                0x004038d4                __subdf3
                0x004038d8                __aeabi_dadd
                0x004038d8                __adddf3
                0x00403b50                __floatunsidf
                0x00403b50                __aeabi_ui2d
                0x00403b70                __floatsidf
                0x00403b70                __aeabi_i2d
                0x00403b94                __aeabi_f2d
                0x00403b94                __extendsfdf2
                0x00403bd0                __floatundidf
                0x00403bd0                __aeabi_ul2d
                0x00403be0                __floatdidf
                0x00403be0                __aeabi_l2d
 .text          0x00403c3c      0x424 c:/program files (x86)/atmel/studio/7.0/toolchain/arm/arm-gnu-toolchain/bin/../lib/gcc/arm-none-eabi/6.3.1/thumb/v7e-m\libgcc.a(_arm_muldivdf3.o)
                0x00403c3c                __aeabi_dmul
                0x00403c3c                __muldf3
                0x00403e90                __divdf3
                0x00403e90                __aeabi_ddiv
 .text          0x00404060       0x50 c:/program files (x86)/atmel/studio/7.0/toolchain/arm/arm-gnu-toolchain/bin/../lib/gcc/arm-none-eabi/6.3.1/thumb/v7e-m\libgcc.a(_arm_fixdfsi.o)
                0x00404060                __aeabi_d2iz
                0x00404060                __fixdfsi
 .text.__libc_init_array
                0x004040b0       0x50 c:/program files (x86)/atmel/studio/7.0/toolchain/arm/arm-gnu-toolchain/bin/../lib/gcc/arm-none-eabi/6.3.1/../../../../arm-none-eabi/lib/thumb/v7e-m\libc.a(lib_a-init.o)
                0x004040b0                __libc_init_array
 .text.memset   0x00404100       0x9c c:/program files (x86)/atmel/studio/7.0/toolchain/arm/arm-gnu-toolchain/bin/../lib/gcc/arm-none-eabi/6.3.1/../../../../arm-none-eabi/lib/thumb/v7e-m\libc.a(lib_a-memset.o)
                0x00404100                memset
 .text.sprintf  0x0040419c       0x4c c:/program files (x86)/atmel/studio/7.0/toolchain/arm/arm-gnu-toolchain/bin/../lib/gcc/arm-none-eabi/6.3.1/../../../../arm-none-eabi/lib/thumb/v7e-m\libc.a(lib_a-sprintf.o)
                0x0040419c                sprintf
 .text._svfprintf_r
                0x004041e8     0x145c c:/program files (x86)/atmel/studio/7.0/toolchain/arm/arm-gnu-toolchain/bin/../lib/gcc/arm-none-eabi/6.3.1/../../../../arm-none-eabi/lib/thumb/v7e-m\libc.a(lib_a-svfprintf.o)
                0x004041e8                _svfprintf_r
 .text.startup.register_fini
                0x00405644       0x14 c:/program files (x86)/atmel/studio/7.0/toolchain/arm/arm-gnu-toolchain/bin/../lib/gcc/arm-none-eabi/6.3.1/../../../../arm-none-eabi/lib/thumb/v7e-m\libc.a(lib_a-__call_atexit.o)
 .text.atexit   0x00405658        0xc c:/program files (x86)/atmel/studio/7.0/toolchain/arm/arm-gnu-toolchain/bin/../lib/gcc/arm-none-eabi/6.3.1/../../../../arm-none-eabi/lib/thumb/v7e-m\libc.a(lib_a-atexit.o)
                0x00405658                atexit
 .text.quorem   0x00405664      0x128 c:/program files (x86)/atmel/studio/7.0/toolchain/arm/arm-gnu-toolchain/bin/../lib/gcc/arm-none-eabi/6.3.1/../../../../arm-none-eabi/lib/thumb/v7e-m\libc.a(lib_a-dtoa.o)
 *fill*         0x0040578c        0x4 
 .text._dtoa_r  0x00405790      0xe54 c:/program files (x86)/atmel/studio/7.0/toolchain/arm/arm-gnu-toolchain/bin/../lib/gcc/arm-none-eabi/6.3.1/../../../../arm-none-eabi/lib/thumb/v7e-m\libc.a(lib_a-dtoa.o)
                0x00405790                _dtoa_r
 .text.__libc_fini_array
                0x004065e4       0x34 c:/program files (x86)/atmel/studio/7.0/toolchain/arm/arm-gnu-toolchain/bin/../lib/gcc/arm-none-eabi/6.3.1/../../../../arm-none-eabi/lib/thumb/v7e-m\libc.a(lib_a-fini.o)
                0x004065e4                __libc_fini_array
 .text._localeconv_r
                0x00406618       0x1c c:/program files (x86)/atmel/studio/7.0/toolchain/arm/arm-gnu-toolchain/bin/../lib/gcc/arm-none-eabi/6.3.1/../../../../arm-none-eabi/lib/thumb/v7e-m\libc.a(lib_a-localeconv.o)
                0x00406618                _localeconv_r
 .text.__retarget_lock_acquire_recursive
                0x00406634        0x4 c:/program files (x86)/atmel/studio/7.0/toolchain/arm/arm-gnu-toolchain/bin/../lib/gcc/arm-none-eabi/6.3.1/../../../../arm-none-eabi/lib/thumb/v7e-m\libc.a(lib_a-lock.o)
                0x00406634                __retarget_lock_acquire_recursive
 .text.__retarget_lock_release_recursive
                0x00406638        0x4 c:/program files (x86)/atmel/studio/7.0/toolchain/arm/arm-gnu-toolchain/bin/../lib/gcc/arm-none-eabi/6.3.1/../../../../arm-none-eabi/lib/thumb/v7e-m\libc.a(lib_a-lock.o)
                0x00406638                __retarget_lock_release_recursive
 .text._malloc_r
                0x0040663c      0x560 c:/program files (x86)/atmel/studio/7.0/toolchain/arm/arm-gnu-toolchain/bin/../lib/gcc/arm-none-eabi/6.3.1/../../../../arm-none-eabi/lib/thumb/v7e-m\libc.a(lib_a-mallocr.o)
                0x0040663c                _malloc_r
 *fill*         0x00406b9c        0x4 
 .text          0x00406ba0       0xa0 c:/program files (x86)/atmel/studio/7.0/toolchain/arm/arm-gnu-toolchain/bin/../lib/gcc/arm-none-eabi/6.3.1/../../../../arm-none-eabi/lib/thumb/v7e-m\libc.a(lib_a-memchr.o)
                0x00406ba0                memchr
 .text          0x00406c40      0x134 c:/program files (x86)/atmel/studio/7.0/toolchain/arm/arm-gnu-toolchain/bin/../lib/gcc/arm-none-eabi/6.3.1/../../../../arm-none-eabi/lib/thumb/v7e-m\libc.a(lib_a-memcpy.o)
                0x00406c40                memcpy
 .text.__malloc_lock
                0x00406d74        0xc c:/program files (x86)/atmel/studio/7.0/toolchain/arm/arm-gnu-toolchain/bin/../lib/gcc/arm-none-eabi/6.3.1/../../../../arm-none-eabi/lib/thumb/v7e-m\libc.a(lib_a-mlock.o)
                0x00406d74                __malloc_lock
 .text.__malloc_unlock
                0x00406d80        0xc c:/program files (x86)/atmel/studio/7.0/toolchain/arm/arm-gnu-toolchain/bin/../lib/gcc/arm-none-eabi/6.3.1/../../../../arm-none-eabi/lib/thumb/v7e-m\libc.a(lib_a-mlock.o)
                0x00406d80                __malloc_unlock
 .text._Balloc  0x00406d8c       0x4c c:/program files (x86)/atmel/studio/7.0/toolchain/arm/arm-gnu-toolchain/bin/../lib/gcc/arm-none-eabi/6.3.1/../../../../arm-none-eabi/lib/thumb/v7e-m\libc.a(lib_a-mprec.o)
                0x00406d8c                _Balloc
 .text._Bfree   0x00406dd8       0x14 c:/program files (x86)/atmel/studio/7.0/toolchain/arm/arm-gnu-toolchain/bin/../lib/gcc/arm-none-eabi/6.3.1/../../../../arm-none-eabi/lib/thumb/v7e-m\libc.a(lib_a-mprec.o)
                0x00406dd8                _Bfree
 .text.__multadd
                0x00406dec       0x80 c:/program files (x86)/atmel/studio/7.0/toolchain/arm/arm-gnu-toolchain/bin/../lib/gcc/arm-none-eabi/6.3.1/../../../../arm-none-eabi/lib/thumb/v7e-m\libc.a(lib_a-mprec.o)
                0x00406dec                __multadd
 .text.__hi0bits
                0x00406e6c       0x40 c:/program files (x86)/atmel/studio/7.0/toolchain/arm/arm-gnu-toolchain/bin/../lib/gcc/arm-none-eabi/6.3.1/../../../../arm-none-eabi/lib/thumb/v7e-m\libc.a(lib_a-mprec.o)
                0x00406e6c                __hi0bits
 .text.__lo0bits
                0x00406eac       0x60 c:/program files (x86)/atmel/studio/7.0/toolchain/arm/arm-gnu-toolchain/bin/../lib/gcc/arm-none-eabi/6.3.1/../../../../arm-none-eabi/lib/thumb/v7e-m\libc.a(lib_a-mprec.o)
                0x00406eac                __lo0bits
 .text.__i2b    0x00406f0c       0x14 c:/program files (x86)/atmel/studio/7.0/toolchain/arm/arm-gnu-toolchain/bin/../lib/gcc/arm-none-eabi/6.3.1/../../../../arm-none-eabi/lib/thumb/v7e-m\libc.a(lib_a-mprec.o)
                0x00406f0c                __i2b
 .text.__multiply
                0x00406f20      0x124 c:/program files (x86)/atmel/studio/7.0/toolchain/arm/arm-gnu-toolchain/bin/../lib/gcc/arm-none-eabi/6.3.1/../../../../arm-none-eabi/lib/thumb/v7e-m\libc.a(lib_a-mprec.o)
                0x00406f20                __multiply
 .text.__pow5mult
                0x00407044       0xa0 c:/program files (x86)/atmel/studio/7.0/toolchain/arm/arm-gnu-toolchain/bin/../lib/gcc/arm-none-eabi/6.3.1/../../../../arm-none-eabi/lib/thumb/v7e-m\libc.a(lib_a-mprec.o)
                0x00407044                __pow5mult
 .text.__lshift
                0x004070e4       0xa4 c:/program files (x86)/atmel/studio/7.0/toolchain/arm/arm-gnu-toolchain/bin/../lib/gcc/arm-none-eabi/6.3.1/../../../../arm-none-eabi/lib/thumb/v7e-m\libc.a(lib_a-mprec.o)
                0x004070e4                __lshift
 .text.__mcmp   0x00407188       0x38 c:/program files (x86)/atmel/studio/7.0/toolchain/arm/arm-gnu-toolchain/bin/../lib/gcc/arm-none-eabi/6.3.1/../../../../arm-none-eabi/lib/thumb/v7e-m\libc.a(lib_a-mprec.o)
                0x00407188                __mcmp
 .text.__mdiff  0x004071c0      0x108 c:/program files (x86)/atmel/studio/7.0/toolchain/arm/arm-gnu-toolchain/bin/../lib/gcc/arm-none-eabi/6.3.1/../../../../arm-none-eabi/lib/thumb/v7e-m\libc.a(lib_a-mprec.o)
                0x004071c0                __mdiff
 .text.__d2b    0x004072c8       0xb8 c:/program files (x86)/atmel/studio/7.0/toolchain/arm/arm-gnu-toolchain/bin/../lib/gcc/arm-none-eabi/6.3.1/../../../../arm-none-eabi/lib/thumb/v7e-m\libc.a(lib_a-mprec.o)
                0x004072c8                __d2b
 .text._sbrk_r  0x00407380       0x24 c:/program files (x86)/atmel/studio/7.0/toolchain/arm/arm-gnu-toolchain/bin/../lib/gcc/arm-none-eabi/6.3.1/../../../../arm-none-eabi/lib/thumb/v7e-m\libc.a(lib_a-sbrkr.o)
                0x00407380                _sbrk_r
 *fill*         0x004073a4       0x1c 
 .text          0x004073c0       0xdc c:/program files (x86)/atmel/studio/7.0/toolchain/arm/arm-gnu-toolchain/bin/../lib/gcc/arm-none-eabi/6.3.1/../../../../arm-none-eabi/lib/thumb/v7e-m\libc.a(lib_a-strlen.o)
                0x004073c0                strlen
 .text.__ssprint_r
                0x0040749c       0xfc c:/program files (x86)/atmel/studio/7.0/toolchain/arm/arm-gnu-toolchain/bin/../lib/gcc/arm-none-eabi/6.3.1/../../../../arm-none-eabi/lib/thumb/v7e-m\libc.a(lib_a-svfiprintf.o)
                0x0040749c                __ssprint_r
 .text.__register_exitproc
                0x00407598       0xc4 c:/program files (x86)/atmel/studio/7.0/toolchain/arm/arm-gnu-toolchain/bin/../lib/gcc/arm-none-eabi/6.3.1/../../../../arm-none-eabi/lib/thumb/v7e-m\libc.a(lib_a-__atexit.o)
                0x00407598                __register_exitproc
 .text._calloc_r
                0x0040765c       0x60 c:/program files (x86)/atmel/studio/7.0/toolchain/arm/arm-gnu-toolchain/bin/../lib/gcc/arm-none-eabi/6.3.1/../../../../arm-none-eabi/lib/thumb/v7e-m\libc.a(lib_a-callocr.o)
                0x0040765c                _calloc_r
 .text._malloc_trim_r
                0x004076bc       0xa0 c:/program files (x86)/atmel/studio/7.0/toolchain/arm/arm-gnu-toolchain/bin/../lib/gcc/arm-none-eabi/6.3.1/../../../../arm-none-eabi/lib/thumb/v7e-m\libc.a(lib_a-freer.o)
                0x004076bc                _malloc_trim_r
 .text._free_r  0x0040775c      0x1cc c:/program files (x86)/atmel/studio/7.0/toolchain/arm/arm-gnu-toolchain/bin/../lib/gcc/arm-none-eabi/6.3.1/../../../../arm-none-eabi/lib/thumb/v7e-m\libc.a(lib_a-freer.o)
                0x0040775c                _free_r
 .text.__ascii_mbtowc
                0x00407928       0x2c c:/program files (x86)/atmel/studio/7.0/toolchain/arm/arm-gnu-toolchain/bin/../lib/gcc/arm-none-eabi/6.3.1/../../../../arm-none-eabi/lib/thumb/v7e-m\libc.a(lib_a-mbtowc_r.o)
                0x00407928                __ascii_mbtowc
 .text.memmove  0x00407954       0xc8 c:/program files (x86)/atmel/studio/7.0/toolchain/arm/arm-gnu-toolchain/bin/../lib/gcc/arm-none-eabi/6.3.1/../../../../arm-none-eabi/lib/thumb/v7e-m\libc.a(lib_a-memmove.o)
                0x00407954                memmove
 .text._realloc_r
                0x00407a1c      0x34c c:/program files (x86)/atmel/studio/7.0/toolchain/arm/arm-gnu-toolchain/bin/../lib/gcc/arm-none-eabi/6.3.1/../../../../arm-none-eabi/lib/thumb/v7e-m\libc.a(lib_a-reallocr.o)
                0x00407a1c                _realloc_r
 .text.__ascii_wctomb
                0x00407d68       0x1c c:/program files (x86)/atmel/studio/7.0/toolchain/arm/arm-gnu-toolchain/bin/../lib/gcc/arm-none-eabi/6.3.1/../../../../arm-none-eabi/lib/thumb/v7e-m\libc.a(lib_a-wctomb_r.o)
                0x00407d68                __ascii_wctomb
 .text          0x00407d84      0x110 c:/program files (x86)/atmel/studio/7.0/toolchain/arm/arm-gnu-toolchain/bin/../lib/gcc/arm-none-eabi/6.3.1/thumb/v7e-m\libgcc.a(_arm_cmpdf2.o)
                0x00407d84                __gtdf2
                0x00407d84                __gedf2
                0x00407d8c                __ltdf2
                0x00407d8c                __ledf2
                0x00407d94                __nedf2
                0x00407d94                __eqdf2
                0x00407d94                __cmpdf2
                0x00407e10                __aeabi_cdrcmple
                0x00407e20                __aeabi_cdcmpeq
                0x00407e20                __aeabi_cdcmple
                0x00407e30                __aeabi_dcmpeq
                0x00407e44                __aeabi_dcmplt
                0x00407e58                __aeabi_dcmple
                0x00407e6c                __aeabi_dcmpge
                0x00407e80                __aeabi_dcmpgt
 .text          0x00407e94       0x2c c:/program files (x86)/atmel/studio/7.0/toolchain/arm/arm-gnu-toolchain/bin/../lib/gcc/arm-none-eabi/6.3.1/thumb/v7e-m\libgcc.a(_arm_unorddf2.o)
                0x00407e94                __unorddf2
                0x00407e94                __aeabi_dcmpun
 .text          0x00407ec0       0x30 c:/program files (x86)/atmel/studio/7.0/toolchain/arm/arm-gnu-toolchain/bin/../lib/gcc/arm-none-eabi/6.3.1/thumb/v7e-m\libgcc.a(_aeabi_uldivmod.o)
                0x00407ec0                __aeabi_uldivmod
 .text          0x00407ef0      0x2dc c:/program files (x86)/atmel/studio/7.0/toolchain/arm/arm-gnu-toolchain/bin/../lib/gcc/arm-none-eabi/6.3.1/thumb/v7e-m\libgcc.a(_udivmoddi4.o)
                0x00407ef0                __udivmoddi4
 .text          0x004081cc        0x4 c:/program files (x86)/atmel/studio/7.0/toolchain/arm/arm-gnu-toolchain/bin/../lib/gcc/arm-none-eabi/6.3.1/thumb/v7e-m\libgcc.a(_dvmd_tls.o)
                0x004081cc                __aeabi_idiv0
                0x004081cc                __aeabi_ldiv0
 *(.glue_7t)
 .glue_7t       0x004081d0        0x0 linker stubs
 *(.glue_7)
 .glue_7        0x004081d0        0x0 linker stubs
 *(.rodata .rodata* .gnu.linkonce.r.*)
 .rodata.image_data_calibri_36_0x20
                0x004081d0      0x378 src/main.o
 .rodata.calibri_36_0x20
                0x00408548       0x10 src/main.o
 .rodata.image_data_calibri_36_0x21
                0x00408558      0x534 src/main.o
 .rodata.calibri_36_0x21
                0x00408a8c       0x10 src/main.o
 .rodata.image_data_calibri_36_0x22
                0x00408a9c      0x612 src/main.o
 *fill*         0x004090ae        0x2 
 .rodata.calibri_36_0x22
                0x004090b0       0x10 src/main.o
 .rodata.image_data_calibri_36_0x23
                0x004090c0      0x7ce src/main.o
 *fill*         0x0040988e        0x2 
 .rodata.calibri_36_0x23
                0x00409890       0x10 src/main.o
 .rodata.image_data_calibri_36_0x24
                0x004098a0      0x7ce src/main.o
 *fill*         0x0040a06e        0x2 
 .rodata.calibri_36_0x24
                0x0040a070       0x10 src/main.o
 .rodata.image_data_calibri_36_0x25
                0x0040a080      0xb46 src/main.o
 *fill*         0x0040abc6        0x2 
 .rodata.calibri_36_0x25
                0x0040abc8       0x10 src/main.o
 .rodata.image_data_calibri_36_0x26
                0x0040abd8      0xad7 src/main.o
 *fill*         0x0040b6af        0x1 
 .rodata.calibri_36_0x26
                0x0040b6b0       0x10 src/main.o
 .rodata.image_data_calibri_36_0x27
                0x0040b6c0      0x378 src/main.o
 .rodata.calibri_36_0x27
                0x0040ba38       0x10 src/main.o
 .rodata.image_data_calibri_36_0x28
                0x0040ba48      0x4c5 src/main.o
 *fill*         0x0040bf0d        0x3 
 .rodata.calibri_36_0x28
                0x0040bf10       0x10 src/main.o
 .rodata.image_data_calibri_36_0x29
                0x0040bf20      0x4c5 src/main.o
 *fill*         0x0040c3e5        0x3 
 .rodata.calibri_36_0x29
                0x0040c3e8       0x10 src/main.o
 .rodata.image_data_calibri_36_0x2a
                0x0040c3f8      0x7ce src/main.o
 *fill*         0x0040cbc6        0x2 
 .rodata.calibri_36_0x2a
                0x0040cbc8       0x10 src/main.o
 .rodata.image_data_calibri_36_0x2b
                0x0040cbd8      0x7ce src/main.o
 *fill*         0x0040d3a6        0x2 
 .rodata.calibri_36_0x2b
                0x0040d3a8       0x10 src/main.o
 .rodata.image_data_calibri_36_0x2c
                0x0040d3b8      0x3e7 src/main.o
 *fill*         0x0040d79f        0x1 
 .rodata.calibri_36_0x2c
                0x0040d7a0       0x10 src/main.o
 .rodata.image_data_calibri_36_0x2d
                0x0040d7b0      0x4c5 src/main.o
 *fill*         0x0040dc75        0x3 
 .rodata.calibri_36_0x2d
                0x0040dc78       0x10 src/main.o
 .rodata.image_data_calibri_36_0x2e
                0x0040dc88      0x3e7 src/main.o
 *fill*         0x0040e06f        0x1 
 .rodata.calibri_36_0x2e
                0x0040e070       0x10 src/main.o
 .rodata.image_data_calibri_36_0x2f
                0x0040e080      0x612 src/main.o
 *fill*         0x0040e692        0x2 
 .rodata.calibri_36_0x2f
                0x0040e694       0x10 src/main.o
 .rodata.image_data_calibri_36_0x30
                0x0040e6a4      0x7ce src/main.o
 *fill*         0x0040ee72        0x2 
 .rodata.calibri_36_0x30
                0x0040ee74       0x10 src/main.o
 .rodata.image_data_calibri_36_0x31
                0x0040ee84      0x7ce src/main.o
 *fill*         0x0040f652        0x2 
 .rodata.calibri_36_0x31
                0x0040f654       0x10 src/main.o
 .rodata.image_data_calibri_36_0x32
                0x0040f664      0x7ce src/main.o
 *fill*         0x0040fe32        0x2 
 .rodata.calibri_36_0x32
                0x0040fe34       0x10 src/main.o
 .rodata.image_data_calibri_36_0x33
                0x0040fe44      0x7ce src/main.o
 *fill*         0x00410612        0x2 
 .rodata.calibri_36_0x33
                0x00410614       0x10 src/main.o
 .rodata.image_data_calibri_36_0x34
                0x00410624      0x7ce src/main.o
 *fill*         0x00410df2        0x2 
 .rodata.calibri_36_0x34
                0x00410df4       0x10 src/main.o
 .rodata.image_data_calibri_36_0x35
                0x00410e04      0x7ce src/main.o
 *fill*         0x004115d2        0x2 
 .rodata.calibri_36_0x35
                0x004115d4       0x10 src/main.o
 .rodata.image_data_calibri_36_0x36
                0x004115e4      0x7ce src/main.o
 *fill*         0x00411db2        0x2 
 .rodata.calibri_36_0x36
                0x00411db4       0x10 src/main.o
 .rodata.image_data_calibri_36_0x37
                0x00411dc4      0x7ce src/main.o
 *fill*         0x00412592        0x2 
 .rodata.calibri_36_0x37
                0x00412594       0x10 src/main.o
 .rodata.image_data_calibri_36_0x38
                0x004125a4      0x7ce src/main.o
 *fill*         0x00412d72        0x2 
 .rodata.calibri_36_0x38
                0x00412d74       0x10 src/main.o
 .rodata.image_data_calibri_36_0x39
                0x00412d84      0x7ce src/main.o
 *fill*         0x00413552        0x2 
 .rodata.calibri_36_0x39
                0x00413554       0x10 src/main.o
 .rodata.image_data_calibri_36_0x3a
                0x00413564      0x456 src/main.o
 *fill*         0x004139ba        0x2 
 .rodata.calibri_36_0x3a
                0x004139bc       0x10 src/main.o
 .rodata.image_data_calibri_36_0x3b
                0x004139cc      0x456 src/main.o
 *fill*         0x00413e22        0x2 
 .rodata.calibri_36_0x3b
                0x00413e24       0x10 src/main.o
 .rodata.image_data_calibri_36_0x3c
                0x00413e34      0x7ce src/main.o
 *fill*         0x00414602        0x2 
 .rodata.calibri_36_0x3c
                0x00414604       0x10 src/main.o
 .rodata.image_data_calibri_36_0x3d
                0x00414614      0x7ce src/main.o
 *fill*         0x00414de2        0x2 
 .rodata.calibri_36_0x3d
                0x00414de4       0x10 src/main.o
 .rodata.image_data_calibri_36_0x3e
                0x00414df4      0x7ce src/main.o
 *fill*         0x004155c2        0x2 
 .rodata.calibri_36_0x3e
                0x004155c4       0x10 src/main.o
 .rodata.image_data_calibri_36_0x3f
                0x004155d4      0x75f src/main.o
 *fill*         0x00415d33        0x1 
 .rodata.calibri_36_0x3f
                0x00415d34       0x10 src/main.o
 .rodata.image_data_calibri_36_0x40
                0x00415d44      0xde0 src/main.o
 .rodata.calibri_36_0x40
                0x00416b24       0x10 src/main.o
 .rodata.image_data_calibri_36_0x41
                0x00416b34      0x91b src/main.o
 *fill*         0x0041744f        0x1 
 .rodata.calibri_36_0x41
                0x00417450       0x10 src/main.o
 .rodata.image_data_calibri_36_0x42
                0x00417460      0x8ac src/main.o
 .rodata.calibri_36_0x42
                0x00417d0c       0x10 src/main.o
 .rodata.image_data_calibri_36_0x43
                0x00417d1c      0x83d src/main.o
 *fill*         0x00418559        0x3 
 .rodata.calibri_36_0x43
                0x0041855c       0x10 src/main.o
 .rodata.image_data_calibri_36_0x44
                0x0041856c      0x98a src/main.o
 *fill*         0x00418ef6        0x2 
 .rodata.calibri_36_0x44
                0x00418ef8       0x10 src/main.o
 .rodata.image_data_calibri_36_0x45
                0x00418f08      0x7ce src/main.o
 *fill*         0x004196d6        0x2 
 .rodata.calibri_36_0x45
                0x004196d8       0x10 src/main.o
 .rodata.image_data_calibri_36_0x46
                0x004196e8      0x75f src/main.o
 *fill*         0x00419e47        0x1 
 .rodata.calibri_36_0x46
                0x00419e48       0x10 src/main.o
 .rodata.image_data_calibri_36_0x47
                0x00419e58      0x9f9 src/main.o
 *fill*         0x0041a851        0x3 
 .rodata.calibri_36_0x47
                0x0041a854       0x10 src/main.o
 .rodata.image_data_calibri_36_0x48
                0x0041a864      0x98a src/main.o
 *fill*         0x0041b1ee        0x2 
 .rodata.calibri_36_0x48
                0x0041b1f0       0x10 src/main.o
 .rodata.image_data_calibri_36_0x49
                0x0041b200      0x3e7 src/main.o
 *fill*         0x0041b5e7        0x1 
 .rodata.calibri_36_0x49
                0x0041b5e8       0x10 src/main.o
 .rodata.image_data_calibri_36_0x4a
                0x0041b5f8      0x4c5 src/main.o
 *fill*         0x0041babd        0x3 
 .rodata.calibri_36_0x4a
                0x0041bac0       0x10 src/main.o
 .rodata.image_data_calibri_36_0x4b
                0x0041bad0      0x83d src/main.o
 *fill*         0x0041c30d        0x3 
 .rodata.calibri_36_0x4b
                0x0041c310       0x10 src/main.o
 .rodata.image_data_calibri_36_0x4c
                0x0041c320      0x681 src/main.o
 *fill*         0x0041c9a1        0x3 
 .rodata.calibri_36_0x4c
                0x0041c9a4       0x10 src/main.o
 .rodata.image_data_calibri_36_0x4d
                0x0041c9b4      0xd71 src/main.o
 *fill*         0x0041d725        0x3 
 .rodata.calibri_36_0x4d
                0x0041d728       0x10 src/main.o
 .rodata.image_data_calibri_36_0x4e
                0x0041d738      0x9f9 src/main.o
 *fill*         0x0041e131        0x3 
 .rodata.calibri_36_0x4e
                0x0041e134       0x10 src/main.o
 .rodata.image_data_calibri_36_0x4f
                0x0041e144      0xa68 src/main.o
 .rodata.calibri_36_0x4f
                0x0041ebac       0x10 src/main.o
 .rodata.image_data_calibri_36_0x50
                0x0041ebbc      0x83d src/main.o
 *fill*         0x0041f3f9        0x3 
 .rodata.calibri_36_0x50
                0x0041f3fc       0x10 src/main.o
 .rodata.image_data_calibri_36_0x51
                0x0041f40c      0xad7 src/main.o
 *fill*         0x0041fee3        0x1 
 .rodata.calibri_36_0x51
                0x0041fee4       0x10 src/main.o
 .rodata.image_data_calibri_36_0x52
                0x0041fef4      0x8ac src/main.o
 .rodata.calibri_36_0x52
                0x004207a0       0x10 src/main.o
 .rodata.image_data_calibri_36_0x53
                0x004207b0      0x75f src/main.o
 *fill*         0x00420f0f        0x1 
 .rodata.calibri_36_0x53
                0x00420f10       0x10 src/main.o
 .rodata.image_data_calibri_36_0x54
                0x00420f20      0x7ce src/main.o
 *fill*         0x004216ee        0x2 
 .rodata.calibri_36_0x54
                0x004216f0       0x10 src/main.o
 .rodata.image_data_calibri_36_0x55
                0x00421700      0x9f9 src/main.o
 *fill*         0x004220f9        0x3 
 .rodata.calibri_36_0x55
                0x004220fc       0x10 src/main.o
 .rodata.image_data_calibri_36_0x56
                0x0042210c      0x8ac src/main.o
 .rodata.calibri_36_0x56
                0x004229b8       0x10 src/main.o
 .rodata.image_data_calibri_36_0x57
                0x004229c8      0xde0 src/main.o
 .rodata.calibri_36_0x57
                0x004237a8       0x10 src/main.o
 .rodata.image_data_calibri_36_0x58
                0x004237b8      0x83d src/main.o
 *fill*         0x00423ff5        0x3 
 .rodata.calibri_36_0x58
                0x00423ff8       0x10 src/main.o
 .rodata.image_data_calibri_36_0x59
                0x00424008      0x7ce src/main.o
 *fill*         0x004247d6        0x2 
 .rodata.calibri_36_0x59
                0x004247d8       0x10 src/main.o
 .rodata.image_data_calibri_36_0x5a
                0x004247e8      0x75f src/main.o
 *fill*         0x00424f47        0x1 
 .rodata.calibri_36_0x5a
                0x00424f48       0x10 src/main.o
 .rodata.image_data_calibri_36_0x5b
                0x00424f58      0x4c5 src/main.o
 *fill*         0x0042541d        0x3 
 .rodata.calibri_36_0x5b
                0x00425420       0x10 src/main.o
 .rodata.image_data_calibri_36_0x5c
                0x00425430      0x612 src/main.o
 *fill*         0x00425a42        0x2 
 .rodata.calibri_36_0x5c
                0x00425a44       0x10 src/main.o
 .rodata.image_data_calibri_36_0x5d
                0x00425a54      0x4c5 src/main.o
 *fill*         0x00425f19        0x3 
 .rodata.calibri_36_0x5d
                0x00425f1c       0x10 src/main.o
 .rodata.image_data_calibri_36_0x5e
                0x00425f2c      0x7ce src/main.o
 *fill*         0x004266fa        0x2 
 .rodata.calibri_36_0x5e
                0x004266fc       0x10 src/main.o
 .rodata.image_data_calibri_36_0x5f
                0x0042670c      0x7ce src/main.o
 *fill*         0x00426eda        0x2 
 .rodata.calibri_36_0x5f
                0x00426edc       0x10 src/main.o
 .rodata.image_data_calibri_36_0x60
                0x00426eec      0x456 src/main.o
 *fill*         0x00427342        0x2 
 .rodata.calibri_36_0x60
                0x00427344       0x10 src/main.o
 .rodata.image_data_calibri_36_0x61
                0x00427354      0x75f src/main.o
 *fill*         0x00427ab3        0x1 
 .rodata.calibri_36_0x61
                0x00427ab4       0x10 src/main.o
 .rodata.image_data_calibri_36_0x62
                0x00427ac4      0x83d src/main.o
 *fill*         0x00428301        0x3 
 .rodata.calibri_36_0x62
                0x00428304       0x10 src/main.o
 .rodata.image_data_calibri_36_0x63
                0x00428314      0x681 src/main.o
 *fill*         0x00428995        0x3 
 .rodata.calibri_36_0x63
                0x00428998       0x10 src/main.o
 .rodata.image_data_calibri_36_0x64
                0x004289a8      0x83d src/main.o
 *fill*         0x004291e5        0x3 
 .rodata.calibri_36_0x64
                0x004291e8       0x10 src/main.o
 .rodata.image_data_calibri_36_0x65
                0x004291f8      0x7ce src/main.o
 *fill*         0x004299c6        0x2 
 .rodata.calibri_36_0x65
                0x004299c8       0x10 src/main.o
 .rodata.image_data_calibri_36_0x66
                0x004299d8      0x4c5 src/main.o
 *fill*         0x00429e9d        0x3 
 .rodata.calibri_36_0x66
                0x00429ea0       0x10 src/main.o
 .rodata.image_data_calibri_36_0x67
                0x00429eb0      0x75f src/main.o
 *fill*         0x0042a60f        0x1 
 .rodata.calibri_36_0x67
                0x0042a610       0x10 src/main.o
 .rodata.image_data_calibri_36_0x68
                0x0042a620      0x83d src/main.o
 *fill*         0x0042ae5d        0x3 
 .rodata.calibri_36_0x68
                0x0042ae60       0x10 src/main.o
 .rodata.image_data_calibri_36_0x69
                0x0042ae70      0x378 src/main.o
 .rodata.calibri_36_0x69
                0x0042b1e8       0x10 src/main.o
 .rodata.image_data_calibri_36_0x6a
                0x0042b1f8      0x3e7 src/main.o
 *fill*         0x0042b5df        0x1 
 .rodata.calibri_36_0x6a
                0x0042b5e0       0x10 src/main.o
 .rodata.image_data_calibri_36_0x6b
                0x0042b5f0      0x6f0 src/main.o
 .rodata.calibri_36_0x6b
                0x0042bce0       0x10 src/main.o
 .rodata.image_data_calibri_36_0x6c
                0x0042bcf0      0x378 src/main.o
 .rodata.calibri_36_0x6c
                0x0042c068       0x10 src/main.o
 .rodata.image_data_calibri_36_0x6d
                0x0042c078      0xc93 src/main.o
 *fill*         0x0042cd0b        0x1 
 .rodata.calibri_36_0x6d
                0x0042cd0c       0x10 src/main.o
 .rodata.image_data_calibri_36_0x6e
                0x0042cd1c      0x83d src/main.o
 *fill*         0x0042d559        0x3 
 .rodata.calibri_36_0x6e
                0x0042d55c       0x10 src/main.o
 .rodata.image_data_calibri_36_0x6f
                0x0042d56c      0x83d src/main.o
 *fill*         0x0042dda9        0x3 
 .rodata.calibri_36_0x6f
                0x0042ddac       0x10 src/main.o
 .rodata.image_data_calibri_36_0x70
                0x0042ddbc      0x83d src/main.o
 *fill*         0x0042e5f9        0x3 
 .rodata.calibri_36_0x70
                0x0042e5fc       0x10 src/main.o
 .rodata.image_data_calibri_36_0x71
                0x0042e60c      0x83d src/main.o
 *fill*         0x0042ee49        0x3 
 .rodata.calibri_36_0x71
                0x0042ee4c       0x10 src/main.o
 .rodata.image_data_calibri_36_0x72
                0x0042ee5c      0x5a3 src/main.o
 *fill*         0x0042f3ff        0x1 
 .rodata.calibri_36_0x72
                0x0042f400       0x10 src/main.o
 .rodata.image_data_calibri_36_0x73
                0x0042f410      0x612 src/main.o
 *fill*         0x0042fa22        0x2 
 .rodata.calibri_36_0x73
                0x0042fa24       0x10 src/main.o
 .rodata.image_data_calibri_36_0x74
                0x0042fa34      0x534 src/main.o
 .rodata.calibri_36_0x74
                0x0042ff68       0x10 src/main.o
 .rodata.image_data_calibri_36_0x75
                0x0042ff78      0x83d src/main.o
 *fill*         0x004307b5        0x3 
 .rodata.calibri_36_0x75
                0x004307b8       0x10 src/main.o
 .rodata.image_data_calibri_36_0x76
                0x004307c8      0x6f0 src/main.o
 .rodata.calibri_36_0x76
                0x00430eb8       0x10 src/main.o
 .rodata.image_data_calibri_36_0x77
                0x00430ec8      0xb46 src/main.o
 *fill*         0x00431a0e        0x2 
 .rodata.calibri_36_0x77
                0x00431a10       0x10 src/main.o
 .rodata.image_data_calibri_36_0x78
                0x00431a20      0x6f0 src/main.o
 .rodata.calibri_36_0x78
                0x00432110       0x10 src/main.o
 .rodata.image_data_calibri_36_0x79
                0x00432120      0x6f0 src/main.o
 .rodata.calibri_36_0x79
                0x00432810       0x10 src/main.o
 .rodata.image_data_calibri_36_0x7a
                0x00432820      0x612 src/main.o
 *fill*         0x00432e32        0x2 
 .rodata.calibri_36_0x7a
                0x00432e34       0x10 src/main.o
 .rodata.image_data_calibri_36_0x7b
                0x00432e44      0x4c5 src/main.o
 *fill*         0x00433309        0x3 
 .rodata.calibri_36_0x7b
                0x0043330c       0x10 src/main.o
 .rodata.image_data_calibri_36_0x7c
                0x0043331c      0x75f src/main.o
 *fill*         0x00433a7b        0x1 
 .rodata.calibri_36_0x7c
                0x00433a7c       0x10 src/main.o
 .rodata.image_data_calibri_36_0x7d
                0x00433a8c      0x4c5 src/main.o
 *fill*         0x00433f51        0x3 
 .rodata.calibri_36_0x7d
                0x00433f54       0x10 src/main.o
 .rodata.image_data_calibri_36_0x7e
                0x00433f64      0x7ce src/main.o
 *fill*         0x00434732        0x2 
 .rodata.calibri_36_0x7e
                0x00434734       0x10 src/main.o
 .rodata.calibri_36_array
                0x00434744      0x2f8 src/main.o
 .rodata.calibri_36
                0x00434a3c        0xc src/main.o
                0x00434a3c                calibri_36
 .rodata.image_data_arial_72_0x30
                0x00434a48     0x2760 src/main.o
 .rodata.arial_72_0x30
                0x004371a8       0x10 src/main.o
 .rodata.image_data_arial_72_0x31
                0x004371b8     0x2760 src/main.o
 .rodata.arial_72_0x31
                0x00439918       0x10 src/main.o
 .rodata.image_data_arial_72_0x32
                0x00439928     0x2760 src/main.o
 .rodata.arial_72_0x32
                0x0043c088       0x10 src/main.o
 .rodata.image_data_arial_72_0x33
                0x0043c098     0x2760 src/main.o
 .rodata.arial_72_0x33
                0x0043e7f8       0x10 src/main.o
 .rodata.image_data_arial_72_0x34
                0x0043e808     0x2760 src/main.o
 .rodata.arial_72_0x34
                0x00440f68       0x10 src/main.o
 .rodata.image_data_arial_72_0x35
                0x00440f78     0x2760 src/main.o
 .rodata.arial_72_0x35
                0x004436d8       0x10 src/main.o
 .rodata.image_data_arial_72_0x36
                0x004436e8     0x2760 src/main.o
 .rodata.arial_72_0x36
                0x00445e48       0x10 src/main.o
 .rodata.image_data_arial_72_0x37
                0x00445e58     0x2760 src/main.o
 .rodata.arial_72_0x37
                0x004485b8       0x10 src/main.o
 .rodata.image_data_arial_72_0x38
                0x004485c8     0x2760 src/main.o
 .rodata.arial_72_0x38
                0x0044ad28       0x10 src/main.o
 .rodata.image_data_arial_72_0x39
                0x0044ad38     0x2760 src/main.o
 .rodata.arial_72_0x39
                0x0044d498       0x10 src/main.o
 .rodata.arial_72_array
                0x0044d4a8       0x50 src/main.o
 .rodata.arial_72
                0x0044d4f8        0xc src/main.o
                0x0044d4f8                arial_72
 .rodata        0x0044d504       0x2b src/main.o
 *fill*         0x0044d52f        0x1 
 .rodata._global_impure_ptr
                0x0044d530        0x4 c:/program files (x86)/atmel/studio/7.0/toolchain/arm/arm-gnu-toolchain/bin/../lib/gcc/arm-none-eabi/6.3.1/../../../../arm-none-eabi/lib/thumb/v7e-m\libc.a(lib_a-impure.o)
                0x0044d530                _global_impure_ptr
 .rodata._svfprintf_r.str1.4
                0x0044d534       0x42 c:/program files (x86)/atmel/studio/7.0/toolchain/arm/arm-gnu-toolchain/bin/../lib/gcc/arm-none-eabi/6.3.1/../../../../arm-none-eabi/lib/thumb/v7e-m\libc.a(lib_a-svfprintf.o)
 *fill*         0x0044d576        0x2 
 .rodata.blanks.7223
                0x0044d578       0x10 c:/program files (x86)/atmel/studio/7.0/toolchain/arm/arm-gnu-toolchain/bin/../lib/gcc/arm-none-eabi/6.3.1/../../../../arm-none-eabi/lib/thumb/v7e-m\libc.a(lib_a-svfprintf.o)
 .rodata.zeroes.7224
                0x0044d588       0x10 c:/program files (x86)/atmel/studio/7.0/toolchain/arm/arm-gnu-toolchain/bin/../lib/gcc/arm-none-eabi/6.3.1/../../../../arm-none-eabi/lib/thumb/v7e-m\libc.a(lib_a-svfprintf.o)
 .rodata._dtoa_r.str1.4
                0x0044d598       0x10 c:/program files (x86)/atmel/studio/7.0/toolchain/arm/arm-gnu-toolchain/bin/../lib/gcc/arm-none-eabi/6.3.1/../../../../arm-none-eabi/lib/thumb/v7e-m\libc.a(lib_a-dtoa.o)
                                 0x12 (size before relaxing)
 .rodata.__mprec_bigtens
                0x0044d5a8       0x28 c:/program files (x86)/atmel/studio/7.0/toolchain/arm/arm-gnu-toolchain/bin/../lib/gcc/arm-none-eabi/6.3.1/../../../../arm-none-eabi/lib/thumb/v7e-m\libc.a(lib_a-mprec.o)
                0x0044d5a8                __mprec_bigtens
 .rodata.__mprec_tens
                0x0044d5d0       0xc8 c:/program files (x86)/atmel/studio/7.0/toolchain/arm/arm-gnu-toolchain/bin/../lib/gcc/arm-none-eabi/6.3.1/../../../../arm-none-eabi/lib/thumb/v7e-m\libc.a(lib_a-mprec.o)
                0x0044d5d0                __mprec_tens
 .rodata.p05.6055
                0x0044d698        0xc c:/program files (x86)/atmel/studio/7.0/toolchain/arm/arm-gnu-toolchain/bin/../lib/gcc/arm-none-eabi/6.3.1/../../../../arm-none-eabi/lib/thumb/v7e-m\libc.a(lib_a-mprec.o)
 .rodata._setlocale_r.str1.4
                0x0044d6a4        0xa c:/program files (x86)/atmel/studio/7.0/toolchain/arm/arm-gnu-toolchain/bin/../lib/gcc/arm-none-eabi/6.3.1/../../../../arm-none-eabi/lib/thumb/v7e-m\libc.a(lib_a-locale.o)
                                  0xd (size before relaxing)
 *fill*         0x0044d6ae        0x2 
 .rodata.str1.4
                0x0044d6b0        0x4 c:/program files (x86)/atmel/studio/7.0/toolchain/arm/arm-gnu-toolchain/bin/../lib/gcc/arm-none-eabi/6.3.1/../../../../arm-none-eabi/lib/thumb/v7e-m\libc.a(lib_a-locale.o)
                                  0x2 (size before relaxing)
 .rodata._ctype_
                0x0044d6b4      0x101 c:/program files (x86)/atmel/studio/7.0/toolchain/arm/arm-gnu-toolchain/bin/../lib/gcc/arm-none-eabi/6.3.1/../../../../arm-none-eabi/lib/thumb/v7e-m\libc.a(lib_a-ctype_.o)
                0x0044d6b4                _ctype_
 *(.ARM.extab* .gnu.linkonce.armextab.*)
                0x0044d7b8                . = ALIGN (0x4)
 *fill*         0x0044d7b5        0x3 
 *(.init)
 .init          0x0044d7b8        0x4 c:/program files (x86)/atmel/studio/7.0/toolchain/arm/arm-gnu-toolchain/bin/../lib/gcc/arm-none-eabi/6.3.1/thumb/v7e-m/crti.o
                0x0044d7b8                _init
 .init          0x0044d7bc        0x8 c:/program files (x86)/atmel/studio/7.0/toolchain/arm/arm-gnu-toolchain/bin/../lib/gcc/arm-none-eabi/6.3.1/thumb/v7e-m/crtn.o
                0x0044d7c4                . = ALIGN (0x4)
                0x0044d7c4                __preinit_array_start = .
 *(.preinit_array)
                0x0044d7c4                __preinit_array_end = .
                0x0044d7c4                . = ALIGN (0x4)
                0x0044d7c4                __init_array_start = .
 *(SORT(.init_array.*))
 .init_array.00000
                0x0044d7c4        0x4 c:/program files (x86)/atmel/studio/7.0/toolchain/arm/arm-gnu-toolchain/bin/../lib/gcc/arm-none-eabi/6.3.1/../../../../arm-none-eabi/lib/thumb/v7e-m\libc.a(lib_a-__call_atexit.o)
 *(.init_array)
 .init_array    0x0044d7c8        0x4 c:/program files (x86)/atmel/studio/7.0/toolchain/arm/arm-gnu-toolchain/bin/../lib/gcc/arm-none-eabi/6.3.1/thumb/v7e-m/crtbegin.o
                0x0044d7cc                __init_array_end = .
                0x0044d7cc                . = ALIGN (0x4)
 *crtbegin.o(.ctors)
 *(EXCLUDE_FILE(*crtend.o) .ctors)
 *(SORT(.ctors.*))
 *crtend.o(.ctors)
                0x0044d7cc                . = ALIGN (0x4)
 *(.fini)
 .fini          0x0044d7cc        0x4 c:/program files (x86)/atmel/studio/7.0/toolchain/arm/arm-gnu-toolchain/bin/../lib/gcc/arm-none-eabi/6.3.1/thumb/v7e-m/crti.o
                0x0044d7cc                _fini
 .fini          0x0044d7d0        0x8 c:/program files (x86)/atmel/studio/7.0/toolchain/arm/arm-gnu-toolchain/bin/../lib/gcc/arm-none-eabi/6.3.1/thumb/v7e-m/crtn.o
                0x0044d7d8                . = ALIGN (0x4)
                0x0044d7d8                __fini_array_start = .
 *(.fini_array)
 .fini_array    0x0044d7d8        0x4 c:/program files (x86)/atmel/studio/7.0/toolchain/arm/arm-gnu-toolchain/bin/../lib/gcc/arm-none-eabi/6.3.1/thumb/v7e-m/crtbegin.o
 *(SORT(.fini_array.*))
                0x0044d7dc                __fini_array_end = .
 *crtbegin.o(.dtors)
 *(EXCLUDE_FILE(*crtend.o) .dtors)
 *(SORT(.dtors.*))
 *crtend.o(.dtors)
                0x0044d7dc                . = ALIGN (0x4)
                0x0044d7dc                _efixed = .
                [!provide]                PROVIDE (__exidx_start, .)

.vfp11_veneer   0x0044d7dc        0x0
 .vfp11_veneer  0x0044d7dc        0x0 linker stubs

.v4_bx          0x0044d7dc        0x0
 .v4_bx         0x0044d7dc        0x0 linker stubs

.iplt           0x0044d7dc        0x0
 .iplt          0x0044d7dc        0x0 c:/program files (x86)/atmel/studio/7.0/toolchain/arm/arm-gnu-toolchain/bin/../lib/gcc/arm-none-eabi/6.3.1/thumb/v7e-m/crtbegin.o

.ARM.exidx      0x0044d7dc        0x8
 *(.ARM.exidx* .gnu.linkonce.armexidx.*)
 .ARM.exidx     0x0044d7dc        0x8 c:/program files (x86)/atmel/studio/7.0/toolchain/arm/arm-gnu-toolchain/bin/../lib/gcc/arm-none-eabi/6.3.1/thumb/v7e-m\libgcc.a(_udivmoddi4.o)
                [!provide]                PROVIDE (__exidx_end, .)

.eh_frame       0x0044d7e4        0x0
 .eh_frame      0x0044d7e4        0x0 c:/program files (x86)/atmel/studio/7.0/toolchain/arm/arm-gnu-toolchain/bin/../lib/gcc/arm-none-eabi/6.3.1/thumb/v7e-m/crtbegin.o

.rel.dyn        0x0044d7e4        0x0
 .rel.iplt      0x0044d7e4        0x0 c:/program files (x86)/atmel/studio/7.0/toolchain/arm/arm-gnu-toolchain/bin/../lib/gcc/arm-none-eabi/6.3.1/thumb/v7e-m/crtbegin.o

.jcr            0x0044d7e4        0x0
 .jcr           0x0044d7e4        0x0 c:/program files (x86)/atmel/studio/7.0/toolchain/arm/arm-gnu-toolchain/bin/../lib/gcc/arm-none-eabi/6.3.1/thumb/v7e-m/crtbegin.o

.igot.plt       0x0044d7e4        0x0
 .igot.plt      0x0044d7e4        0x0 c:/program files (x86)/atmel/studio/7.0/toolchain/arm/arm-gnu-toolchain/bin/../lib/gcc/arm-none-eabi/6.3.1/thumb/v7e-m/crtbegin.o
                0x0044d7e4                . = ALIGN (0x4)
                0x0044d7e4                _etext = .

.relocate       0x20400000      0x9b8 load address 0x0044d7e4
                0x20400000                . = ALIGN (0x4)
                0x20400000                _srelocate = .
 *(.ramfunc .ramfunc.*)
 *(.data .data.*)
 .data.g_interrupt_enabled
                0x20400000        0x1 src/ASF/common/utils/interrupt/interrupt_sam_nvic.o
                0x20400000                g_interrupt_enabled
 *fill*         0x20400001        0x3 
 .data.ul_flash_in_wait_mode
                0x20400004        0x4 src/ASF/sam/drivers/pmc/pmc.o
 .data.SystemCoreClock
                0x20400008        0x4 src/ASF/sam/utils/cmsis/same70/source/templates/system_same70.o
                0x20400008                SystemCoreClock
 .data._impure_ptr
                0x2040000c        0x4 c:/program files (x86)/atmel/studio/7.0/toolchain/arm/arm-gnu-toolchain/bin/../lib/gcc/arm-none-eabi/6.3.1/../../../../arm-none-eabi/lib/thumb/v7e-m\libc.a(lib_a-impure.o)
                0x2040000c                _impure_ptr
 .data.impure_data
                0x20400010      0x428 c:/program files (x86)/atmel/studio/7.0/toolchain/arm/arm-gnu-toolchain/bin/../lib/gcc/arm-none-eabi/6.3.1/../../../../arm-none-eabi/lib/thumb/v7e-m\libc.a(lib_a-impure.o)
 .data.__atexit_recursive_mutex
                0x20400438        0x4 c:/program files (x86)/atmel/studio/7.0/toolchain/arm/arm-gnu-toolchain/bin/../lib/gcc/arm-none-eabi/6.3.1/../../../../arm-none-eabi/lib/thumb/v7e-m\libc.a(lib_a-__call_atexit.o)
                0x20400438                __atexit_recursive_mutex
 .data.__malloc_av_
                0x2040043c      0x408 c:/program files (x86)/atmel/studio/7.0/toolchain/arm/arm-gnu-toolchain/bin/../lib/gcc/arm-none-eabi/6.3.1/../../../../arm-none-eabi/lib/thumb/v7e-m\libc.a(lib_a-mallocr.o)
                0x2040043c                __malloc_av_
 .data.__malloc_sbrk_base
                0x20400844        0x4 c:/program files (x86)/atmel/studio/7.0/toolchain/arm/arm-gnu-toolchain/bin/../lib/gcc/arm-none-eabi/6.3.1/../../../../arm-none-eabi/lib/thumb/v7e-m\libc.a(lib_a-mallocr.o)
                0x20400844                __malloc_sbrk_base
 .data.__malloc_trim_threshold
                0x20400848        0x4 c:/program files (x86)/atmel/studio/7.0/toolchain/arm/arm-gnu-toolchain/bin/../lib/gcc/arm-none-eabi/6.3.1/../../../../arm-none-eabi/lib/thumb/v7e-m\libc.a(lib_a-mallocr.o)
                0x20400848                __malloc_trim_threshold
 .data.__global_locale
                0x2040084c      0x16c c:/program files (x86)/atmel/studio/7.0/toolchain/arm/arm-gnu-toolchain/bin/../lib/gcc/arm-none-eabi/6.3.1/../../../../arm-none-eabi/lib/thumb/v7e-m\libc.a(lib_a-locale.o)
                0x2040084c                __global_locale
                0x204009b8                . = ALIGN (0x4)
                0x204009b8                _erelocate = .

.bss            0x204009b8      0x540 load address 0x0044e19c
                0x204009b8                . = ALIGN (0x4)
                0x204009b8                _sbss = .
                0x204009b8                _szero = .
 *(.bss .bss.*)
 .bss           0x204009b8       0x1c c:/program files (x86)/atmel/studio/7.0/toolchain/arm/arm-gnu-toolchain/bin/../lib/gcc/arm-none-eabi/6.3.1/thumb/v7e-m/crtbegin.o
 .bss.g_wobits_in_rtt_mr
                0x204009d4        0x4 src/ASF/sam/drivers/rtt/rtt.o
 .bss.f_rtt_alarme
                0x204009d8        0x1 src/main.o
                0x204009d8                f_rtt_alarme
 *fill*         0x204009d9        0x3 
 .bss.pulso     0x204009dc        0x4 src/main.o
                0x204009dc                pulso
 .bss.vel       0x204009e0        0x4 src/main.o
                0x204009e0                vel
 .bss.dist      0x204009e4        0x4 src/main.o
                0x204009e4                dist
 .bss.g_ul_pixel_cache
                0x204009e8      0x3c0 src/ASF/sam/components/display/ili9488/ili9488.o
 .bss.gs_interrupt_sources
                0x20400da8       0x70 src/ASF/sam/drivers/pio/pio_handler.o
 .bss.gs_ul_nb_sources
                0x20400e18        0x4 src/ASF/sam/drivers/pio/pio_handler.o
 .bss.b_is_sleep_clock_used
                0x20400e1c        0x1 src/ASF/sam/drivers/pmc/sleep.o
 *fill*         0x20400e1d        0x3 
 .bss.callback_clocks_restored
                0x20400e20        0x4 src/ASF/sam/drivers/pmc/sleep.o
 .bss.heap.6420
                0x20400e24        0x4 src/ASF/sam/utils/syscalls/gcc/syscalls.o
 .bss.__malloc_current_mallinfo
                0x20400e28       0x28 c:/program files (x86)/atmel/studio/7.0/toolchain/arm/arm-gnu-toolchain/bin/../lib/gcc/arm-none-eabi/6.3.1/../../../../arm-none-eabi/lib/thumb/v7e-m\libc.a(lib_a-mallocr.o)
                0x20400e28                __malloc_current_mallinfo
 .bss.__malloc_max_sbrked_mem
                0x20400e50        0x4 c:/program files (x86)/atmel/studio/7.0/toolchain/arm/arm-gnu-toolchain/bin/../lib/gcc/arm-none-eabi/6.3.1/../../../../arm-none-eabi/lib/thumb/v7e-m\libc.a(lib_a-mallocr.o)
                0x20400e50                __malloc_max_sbrked_mem
 .bss.__malloc_max_total_mem
                0x20400e54        0x4 c:/program files (x86)/atmel/studio/7.0/toolchain/arm/arm-gnu-toolchain/bin/../lib/gcc/arm-none-eabi/6.3.1/../../../../arm-none-eabi/lib/thumb/v7e-m\libc.a(lib_a-mallocr.o)
                0x20400e54                __malloc_max_total_mem
 .bss.__malloc_top_pad
                0x20400e58        0x4 c:/program files (x86)/atmel/studio/7.0/toolchain/arm/arm-gnu-toolchain/bin/../lib/gcc/arm-none-eabi/6.3.1/../../../../arm-none-eabi/lib/thumb/v7e-m\libc.a(lib_a-mallocr.o)
                0x20400e58                __malloc_top_pad
 *(COMMON)
 COMMON         0x20400e5c       0x74 src/main.o
                0x20400e5c                bufferv
                0x20400e7c                bufferd
                0x20400e9c                but_flag
                0x20400ea0                g_ili9488_display_opt
                0x20400eb0                buffert
 COMMON         0x20400ed0       0x21 c:/program files (x86)/atmel/studio/7.0/toolchain/arm/arm-gnu-toolchain/bin/../lib/gcc/arm-none-eabi/6.3.1/../../../../arm-none-eabi/lib/thumb/v7e-m\libc.a(lib_a-lock.o)
                0x20400ed0                __lock___atexit_recursive_mutex
                0x20400ed4                __lock___arc4random_mutex
                0x20400ed8                __lock___env_recursive_mutex
                0x20400edc                __lock___sinit_recursive_mutex
                0x20400ee0                __lock___malloc_recursive_mutex
                0x20400ee4                __lock___at_quick_exit_mutex
                0x20400ee8                __lock___dd_hash_mutex
                0x20400eec                __lock___tz_mutex
                0x20400ef0                __lock___sfp_recursive_mutex
 *fill*         0x20400ef1        0x3 
 COMMON         0x20400ef4        0x4 c:/program files (x86)/atmel/studio/7.0/toolchain/arm/arm-gnu-toolchain/bin/../lib/gcc/arm-none-eabi/6.3.1/../../../../arm-none-eabi/lib/thumb/v7e-m\libc.a(lib_a-reent.o)
                0x20400ef4                errno
                0x20400ef8                . = ALIGN (0x4)
                0x20400ef8                _ebss = .
                0x20400ef8                _ezero = .

.stack          0x20400ef8     0x2000 load address 0x0044e6dc
                0x20400ef8                . = ALIGN (0x8)
                0x20400ef8                _sstack = .
                0x20402ef8                . = (. + STACK_SIZE)
 *fill*         0x20400ef8     0x2000 
                0x20402ef8                . = ALIGN (0x8)
                0x20402ef8                _estack = .

.heap           0x20402ef8      0x200 load address 0x004506dc
                0x20402ef8                . = ALIGN (0x8)
                0x20402ef8                _sheap = .
                0x204030f8                . = (. + HEAP_SIZE)
 *fill*         0x20402ef8      0x200 
                0x204030f8                . = ALIGN (0x8)
                0x204030f8                _eheap = .
                0x204030f8                . = ALIGN (0x4)
                0x204030f8                _end = .
                0x2045ffff                _ram_end_ = ((ORIGIN (ram) + LENGTH (ram)) - 0x1)
OUTPUT(SAME70_FONTS.elf elf32-littlearm)

.ARM.attributes
                0x00000000       0x2e
 .ARM.attributes
                0x00000000       0x1e c:/program files (x86)/atmel/studio/7.0/toolchain/arm/arm-gnu-toolchain/bin/../lib/gcc/arm-none-eabi/6.3.1/thumb/v7e-m/crti.o
 .ARM.attributes
                0x0000001e       0x2e c:/program files (x86)/atmel/studio/7.0/toolchain/arm/arm-gnu-toolchain/bin/../lib/gcc/arm-none-eabi/6.3.1/thumb/v7e-m/crtbegin.o
 .ARM.attributes
                0x0000004c       0x37 src/ASF/sam/drivers/rtc/rtc.o
 .ARM.attributes
                0x00000083       0x37 src/ASF/sam/drivers/rtt/rtt.o
 .ARM.attributes
                0x000000ba       0x37 src/main.o
 .ARM.attributes
                0x000000f1       0x37 src/ASF/common/services/spi/sam_spi/spi_master.o
 .ARM.attributes
                0x00000128       0x37 src/ASF/sam/components/display/ili9488/ili9488.o
 .ARM.attributes
                0x0000015f       0x37 src/ASF/sam/drivers/spi/spi.o
 .ARM.attributes
                0x00000196       0x37 src/ASF/common/services/clock/same70/sysclk.o
 .ARM.attributes
                0x000001cd       0x37 src/ASF/common/utils/interrupt/interrupt_sam_nvic.o
 .ARM.attributes
                0x00000204       0x37 src/ASF/sam/boards/same70_xplained/init.o
 .ARM.attributes
                0x0000023b       0x37 src/ASF/sam/drivers/pio/pio.o
 .ARM.attributes
                0x00000272       0x37 src/ASF/sam/drivers/pio/pio_handler.o
 .ARM.attributes
                0x000002a9       0x37 src/ASF/sam/drivers/pmc/pmc.o
 .ARM.attributes
                0x000002e0       0x37 src/ASF/sam/drivers/pmc/sleep.o
 .ARM.attributes
                0x00000317       0x37 src/ASF/sam/utils/cmsis/same70/source/templates/gcc/startup_same70.o
 .ARM.attributes
                0x0000034e       0x37 src/ASF/sam/utils/cmsis/same70/source/templates/system_same70.o
 .ARM.attributes
                0x00000385       0x37 src/ASF/sam/utils/syscalls/gcc/syscalls.o
 .ARM.attributes
                0x000003bc       0x1e c:/program files (x86)/atmel/studio/7.0/toolchain/arm/arm-gnu-toolchain/bin/../lib/gcc/arm-none-eabi/6.3.1/thumb/v7e-m\libgcc.a(_arm_addsubdf3.o)
 .ARM.attributes
                0x000003da       0x1e c:/program files (x86)/atmel/studio/7.0/toolchain/arm/arm-gnu-toolchain/bin/../lib/gcc/arm-none-eabi/6.3.1/thumb/v7e-m\libgcc.a(_arm_muldivdf3.o)
 .ARM.attributes
                0x000003f8       0x1e c:/program files (x86)/atmel/studio/7.0/toolchain/arm/arm-gnu-toolchain/bin/../lib/gcc/arm-none-eabi/6.3.1/thumb/v7e-m\libgcc.a(_arm_fixdfsi.o)
 .ARM.attributes
                0x00000416       0x2e c:/program files (x86)/atmel/studio/7.0/toolchain/arm/arm-gnu-toolchain/bin/../lib/gcc/arm-none-eabi/6.3.1/../../../../arm-none-eabi/lib/thumb/v7e-m\libc.a(lib_a-impure.o)
 .ARM.attributes
                0x00000444       0x2e c:/program files (x86)/atmel/studio/7.0/toolchain/arm/arm-gnu-toolchain/bin/../lib/gcc/arm-none-eabi/6.3.1/../../../../arm-none-eabi/lib/thumb/v7e-m\libc.a(lib_a-init.o)
 .ARM.attributes
                0x00000472       0x2e c:/program files (x86)/atmel/studio/7.0/toolchain/arm/arm-gnu-toolchain/bin/../lib/gcc/arm-none-eabi/6.3.1/../../../../arm-none-eabi/lib/thumb/v7e-m\libc.a(lib_a-memset.o)
 .ARM.attributes
                0x000004a0       0x2e c:/program files (x86)/atmel/studio/7.0/toolchain/arm/arm-gnu-toolchain/bin/../lib/gcc/arm-none-eabi/6.3.1/../../../../arm-none-eabi/lib/thumb/v7e-m\libc.a(lib_a-sprintf.o)
 .ARM.attributes
                0x000004ce       0x2e c:/program files (x86)/atmel/studio/7.0/toolchain/arm/arm-gnu-toolchain/bin/../lib/gcc/arm-none-eabi/6.3.1/../../../../arm-none-eabi/lib/thumb/v7e-m\libc.a(lib_a-svfprintf.o)
 .ARM.attributes
                0x000004fc       0x2e c:/program files (x86)/atmel/studio/7.0/toolchain/arm/arm-gnu-toolchain/bin/../lib/gcc/arm-none-eabi/6.3.1/../../../../arm-none-eabi/lib/thumb/v7e-m\libc.a(lib_a-__call_atexit.o)
 .ARM.attributes
                0x0000052a       0x2e c:/program files (x86)/atmel/studio/7.0/toolchain/arm/arm-gnu-toolchain/bin/../lib/gcc/arm-none-eabi/6.3.1/../../../../arm-none-eabi/lib/thumb/v7e-m\libc.a(lib_a-atexit.o)
 .ARM.attributes
                0x00000558       0x2e c:/program files (x86)/atmel/studio/7.0/toolchain/arm/arm-gnu-toolchain/bin/../lib/gcc/arm-none-eabi/6.3.1/../../../../arm-none-eabi/lib/thumb/v7e-m\libc.a(lib_a-dtoa.o)
 .ARM.attributes
                0x00000586       0x2e c:/program files (x86)/atmel/studio/7.0/toolchain/arm/arm-gnu-toolchain/bin/../lib/gcc/arm-none-eabi/6.3.1/../../../../arm-none-eabi/lib/thumb/v7e-m\libc.a(lib_a-fini.o)
 .ARM.attributes
                0x000005b4       0x2e c:/program files (x86)/atmel/studio/7.0/toolchain/arm/arm-gnu-toolchain/bin/../lib/gcc/arm-none-eabi/6.3.1/../../../../arm-none-eabi/lib/thumb/v7e-m\libc.a(lib_a-localeconv.o)
 .ARM.attributes
                0x000005e2       0x2e c:/program files (x86)/atmel/studio/7.0/toolchain/arm/arm-gnu-toolchain/bin/../lib/gcc/arm-none-eabi/6.3.1/../../../../arm-none-eabi/lib/thumb/v7e-m\libc.a(lib_a-lock.o)
 .ARM.attributes
                0x00000610       0x2e c:/program files (x86)/atmel/studio/7.0/toolchain/arm/arm-gnu-toolchain/bin/../lib/gcc/arm-none-eabi/6.3.1/../../../../arm-none-eabi/lib/thumb/v7e-m\libc.a(lib_a-mallocr.o)
 .ARM.attributes
                0x0000063e       0x1c c:/program files (x86)/atmel/studio/7.0/toolchain/arm/arm-gnu-toolchain/bin/../lib/gcc/arm-none-eabi/6.3.1/../../../../arm-none-eabi/lib/thumb/v7e-m\libc.a(lib_a-memchr.o)
 .ARM.attributes
                0x0000065a       0x1c c:/program files (x86)/atmel/studio/7.0/toolchain/arm/arm-gnu-toolchain/bin/../lib/gcc/arm-none-eabi/6.3.1/../../../../arm-none-eabi/lib/thumb/v7e-m\libc.a(lib_a-memcpy.o)
 .ARM.attributes
                0x00000676       0x2e c:/program files (x86)/atmel/studio/7.0/toolchain/arm/arm-gnu-toolchain/bin/../lib/gcc/arm-none-eabi/6.3.1/../../../../arm-none-eabi/lib/thumb/v7e-m\libc.a(lib_a-mlock.o)
 .ARM.attributes
                0x000006a4       0x2e c:/program files (x86)/atmel/studio/7.0/toolchain/arm/arm-gnu-toolchain/bin/../lib/gcc/arm-none-eabi/6.3.1/../../../../arm-none-eabi/lib/thumb/v7e-m\libc.a(lib_a-mprec.o)
 .ARM.attributes
                0x000006d2       0x2e c:/program files (x86)/atmel/studio/7.0/toolchain/arm/arm-gnu-toolchain/bin/../lib/gcc/arm-none-eabi/6.3.1/../../../../arm-none-eabi/lib/thumb/v7e-m\libc.a(lib_a-sbrkr.o)
 .ARM.attributes
                0x00000700       0x1c c:/program files (x86)/atmel/studio/7.0/toolchain/arm/arm-gnu-toolchain/bin/../lib/gcc/arm-none-eabi/6.3.1/../../../../arm-none-eabi/lib/thumb/v7e-m\libc.a(lib_a-strlen.o)
 .ARM.attributes
                0x0000071c       0x2e c:/program files (x86)/atmel/studio/7.0/toolchain/arm/arm-gnu-toolchain/bin/../lib/gcc/arm-none-eabi/6.3.1/../../../../arm-none-eabi/lib/thumb/v7e-m\libc.a(lib_a-svfiprintf.o)
 .ARM.attributes
                0x0000074a       0x2e c:/program files (x86)/atmel/studio/7.0/toolchain/arm/arm-gnu-toolchain/bin/../lib/gcc/arm-none-eabi/6.3.1/../../../../arm-none-eabi/lib/thumb/v7e-m\libc.a(lib_a-__atexit.o)
 .ARM.attributes
                0x00000778       0x2e c:/program files (x86)/atmel/studio/7.0/toolchain/arm/arm-gnu-toolchain/bin/../lib/gcc/arm-none-eabi/6.3.1/../../../../arm-none-eabi/lib/thumb/v7e-m\libc.a(lib_a-callocr.o)
 .ARM.attributes
                0x000007a6       0x2e c:/program files (x86)/atmel/studio/7.0/toolchain/arm/arm-gnu-toolchain/bin/../lib/gcc/arm-none-eabi/6.3.1/../../../../arm-none-eabi/lib/thumb/v7e-m\libc.a(lib_a-freer.o)
 .ARM.attributes
                0x000007d4       0x2e c:/program files (x86)/atmel/studio/7.0/toolchain/arm/arm-gnu-toolchain/bin/../lib/gcc/arm-none-eabi/6.3.1/../../../../arm-none-eabi/lib/thumb/v7e-m\libc.a(lib_a-locale.o)
 .ARM.attributes
                0x00000802       0x2e c:/program files (x86)/atmel/studio/7.0/toolchain/arm/arm-gnu-toolchain/bin/../lib/gcc/arm-none-eabi/6.3.1/../../../../arm-none-eabi/lib/thumb/v7e-m\libc.a(lib_a-mbtowc_r.o)
 .ARM.attributes
                0x00000830       0x2e c:/program files (x86)/atmel/studio/7.0/toolchain/arm/arm-gnu-toolchain/bin/../lib/gcc/arm-none-eabi/6.3.1/../../../../arm-none-eabi/lib/thumb/v7e-m\libc.a(lib_a-memmove.o)
 .ARM.attributes
                0x0000085e       0x2e c:/program files (x86)/atmel/studio/7.0/toolchain/arm/arm-gnu-toolchain/bin/../lib/gcc/arm-none-eabi/6.3.1/../../../../arm-none-eabi/lib/thumb/v7e-m\libc.a(lib_a-reallocr.o)
 .ARM.attributes
                0x0000088c       0x2e c:/program files (x86)/atmel/studio/7.0/toolchain/arm/arm-gnu-toolchain/bin/../lib/gcc/arm-none-eabi/6.3.1/../../../../arm-none-eabi/lib/thumb/v7e-m\libc.a(lib_a-reent.o)
 .ARM.attributes
                0x000008ba       0x2e c:/program files (x86)/atmel/studio/7.0/toolchain/arm/arm-gnu-toolchain/bin/../lib/gcc/arm-none-eabi/6.3.1/../../../../arm-none-eabi/lib/thumb/v7e-m\libc.a(lib_a-wctomb_r.o)
 .ARM.attributes
                0x000008e8       0x2e c:/program files (x86)/atmel/studio/7.0/toolchain/arm/arm-gnu-toolchain/bin/../lib/gcc/arm-none-eabi/6.3.1/../../../../arm-none-eabi/lib/thumb/v7e-m\libc.a(lib_a-ctype_.o)
 .ARM.attributes
                0x00000916       0x1e c:/program files (x86)/atmel/studio/7.0/toolchain/arm/arm-gnu-toolchain/bin/../lib/gcc/arm-none-eabi/6.3.1/thumb/v7e-m\libgcc.a(_arm_cmpdf2.o)
 .ARM.attributes
                0x00000934       0x1e c:/program files (x86)/atmel/studio/7.0/toolchain/arm/arm-gnu-toolchain/bin/../lib/gcc/arm-none-eabi/6.3.1/thumb/v7e-m\libgcc.a(_arm_unorddf2.o)
 .ARM.attributes
                0x00000952       0x1e c:/program files (x86)/atmel/studio/7.0/toolchain/arm/arm-gnu-toolchain/bin/../lib/gcc/arm-none-eabi/6.3.1/thumb/v7e-m\libgcc.a(_aeabi_uldivmod.o)
 .ARM.attributes
                0x00000970       0x2e c:/program files (x86)/atmel/studio/7.0/toolchain/arm/arm-gnu-toolchain/bin/../lib/gcc/arm-none-eabi/6.3.1/thumb/v7e-m\libgcc.a(_udivmoddi4.o)
 .ARM.attributes
                0x0000099e       0x1e c:/program files (x86)/atmel/studio/7.0/toolchain/arm/arm-gnu-toolchain/bin/../lib/gcc/arm-none-eabi/6.3.1/thumb/v7e-m\libgcc.a(_dvmd_tls.o)
 .ARM.attributes
                0x000009bc       0x1e c:/program files (x86)/atmel/studio/7.0/toolchain/arm/arm-gnu-toolchain/bin/../lib/gcc/arm-none-eabi/6.3.1/thumb/v7e-m/crtn.o

.comment        0x00000000       0x59
 .comment       0x00000000       0x59 src/ASF/sam/drivers/rtc/rtc.o
                                 0x5a (size before relaxing)
 .comment       0x00000059       0x5a src/ASF/sam/drivers/rtt/rtt.o
 .comment       0x00000059       0x5a src/main.o
 .comment       0x00000059       0x5a src/ASF/common/services/spi/sam_spi/spi_master.o
 .comment       0x00000059       0x5a src/ASF/sam/components/display/ili9488/ili9488.o
 .comment       0x00000059       0x5a src/ASF/sam/drivers/spi/spi.o
 .comment       0x00000059       0x5a src/ASF/common/services/clock/same70/sysclk.o
 .comment       0x00000059       0x5a src/ASF/common/utils/interrupt/interrupt_sam_nvic.o
 .comment       0x00000059       0x5a src/ASF/sam/boards/same70_xplained/init.o
 .comment       0x00000059       0x5a src/ASF/sam/drivers/pio/pio.o
 .comment       0x00000059       0x5a src/ASF/sam/drivers/pio/pio_handler.o
 .comment       0x00000059       0x5a src/ASF/sam/drivers/pmc/pmc.o
 .comment       0x00000059       0x5a src/ASF/sam/drivers/pmc/sleep.o
 .comment       0x00000059       0x5a src/ASF/sam/utils/cmsis/same70/source/templates/gcc/startup_same70.o
 .comment       0x00000059       0x5a src/ASF/sam/utils/cmsis/same70/source/templates/system_same70.o
 .comment       0x00000059       0x5a src/ASF/sam/utils/syscalls/gcc/syscalls.o

.debug_info     0x00000000    0x16cd2
 .debug_info    0x00000000     0x1158 src/ASF/sam/drivers/rtc/rtc.o
 .debug_info    0x00001158      0xcaf src/ASF/sam/drivers/rtt/rtt.o
 .debug_info    0x00001e07     0x3675 src/main.o
 .debug_info    0x0000547c     0x143e src/ASF/common/services/spi/sam_spi/spi_master.o
 .debug_info    0x000068ba     0x208c src/ASF/sam/components/display/ili9488/ili9488.o
 .debug_info    0x00008946     0x1123 src/ASF/sam/drivers/spi/spi.o
 .debug_info    0x00009a69     0x1311 src/ASF/common/services/clock/same70/sysclk.o
 .debug_info    0x0000ad7a      0xb06 src/ASF/common/utils/interrupt/interrupt_sam_nvic.o
 .debug_info    0x0000b880     0x1dad src/ASF/sam/boards/same70_xplained/init.o
 .debug_info    0x0000d62d     0x1ce3 src/ASF/sam/drivers/pio/pio.o
 .debug_info    0x0000f310     0x1a74 src/ASF/sam/drivers/pio/pio_handler.o
 .debug_info    0x00010d84     0x1eed src/ASF/sam/drivers/pmc/pmc.o
 .debug_info    0x00012c71     0x16bf src/ASF/sam/drivers/pmc/sleep.o
 .debug_info    0x00014330     0x1612 src/ASF/sam/utils/cmsis/same70/source/templates/gcc/startup_same70.o
 .debug_info    0x00015942      0x5d4 src/ASF/sam/utils/cmsis/same70/source/templates/system_same70.o
 .debug_info    0x00015f16      0xdbc src/ASF/sam/utils/syscalls/gcc/syscalls.o

.debug_abbrev   0x00000000     0x2a43
 .debug_abbrev  0x00000000      0x257 src/ASF/sam/drivers/rtc/rtc.o
 .debug_abbrev  0x00000257      0x203 src/ASF/sam/drivers/rtt/rtt.o
 .debug_abbrev  0x0000045a      0x363 src/main.o
 .debug_abbrev  0x000007bd      0x305 src/ASF/common/services/spi/sam_spi/spi_master.o
 .debug_abbrev  0x00000ac2      0x2f4 src/ASF/sam/components/display/ili9488/ili9488.o
 .debug_abbrev  0x00000db6      0x2cf src/ASF/sam/drivers/spi/spi.o
 .debug_abbrev  0x00001085      0x296 src/ASF/common/services/clock/same70/sysclk.o
 .debug_abbrev  0x0000131b      0x214 src/ASF/common/utils/interrupt/interrupt_sam_nvic.o
 .debug_abbrev  0x0000152f      0x3f4 src/ASF/sam/boards/same70_xplained/init.o
 .debug_abbrev  0x00001923      0x296 src/ASF/sam/drivers/pio/pio.o
 .debug_abbrev  0x00001bb9      0x2c9 src/ASF/sam/drivers/pio/pio_handler.o
 .debug_abbrev  0x00001e82      0x2ce src/ASF/sam/drivers/pmc/pmc.o
 .debug_abbrev  0x00002150      0x2df src/ASF/sam/drivers/pmc/sleep.o
 .debug_abbrev  0x0000242f      0x2e8 src/ASF/sam/utils/cmsis/same70/source/templates/gcc/startup_same70.o
 .debug_abbrev  0x00002717      0x102 src/ASF/sam/utils/cmsis/same70/source/templates/system_same70.o
 .debug_abbrev  0x00002819      0x22a src/ASF/sam/utils/syscalls/gcc/syscalls.o

.debug_loc      0x00000000     0x652f
 .debug_loc     0x00000000      0x730 src/ASF/sam/drivers/rtc/rtc.o
 .debug_loc     0x00000730      0x330 src/ASF/sam/drivers/rtt/rtt.o
 .debug_loc     0x00000a60      0x499 src/main.o
 .debug_loc     0x00000ef9      0x830 src/ASF/common/services/spi/sam_spi/spi_master.o
 .debug_loc     0x00001729      0xd20 src/ASF/sam/components/display/ili9488/ili9488.o
 .debug_loc     0x00002449      0x630 src/ASF/sam/drivers/spi/spi.o
 .debug_loc     0x00002a79      0x4a0 src/ASF/common/services/clock/same70/sysclk.o
 .debug_loc     0x00002f19       0xa0 src/ASF/common/utils/interrupt/interrupt_sam_nvic.o
 .debug_loc     0x00002fb9      0x2fc src/ASF/sam/boards/same70_xplained/init.o
 .debug_loc     0x000032b5     0x1174 src/ASF/sam/drivers/pio/pio.o
 .debug_loc     0x00004429      0x38c src/ASF/sam/drivers/pio/pio_handler.o
 .debug_loc     0x000047b5     0x1744 src/ASF/sam/drivers/pmc/pmc.o
 .debug_loc     0x00005ef9       0xe6 src/ASF/sam/drivers/pmc/sleep.o
 .debug_loc     0x00005fdf      0x16c src/ASF/sam/utils/cmsis/same70/source/templates/gcc/startup_same70.o
 .debug_loc     0x0000614b       0xe4 src/ASF/sam/utils/cmsis/same70/source/templates/system_same70.o
 .debug_loc     0x0000622f      0x300 src/ASF/sam/utils/syscalls/gcc/syscalls.o

.debug_aranges  0x00000000      0xb38
 .debug_aranges
                0x00000000       0xb8 src/ASF/sam/drivers/rtc/rtc.o
 .debug_aranges
                0x000000b8       0x60 src/ASF/sam/drivers/rtt/rtt.o
 .debug_aranges
                0x00000118       0x90 src/main.o
 .debug_aranges
                0x000001a8       0xe0 src/ASF/common/services/spi/sam_spi/spi_master.o
 .debug_aranges
                0x00000288      0x168 src/ASF/sam/components/display/ili9488/ili9488.o
 .debug_aranges
                0x000003f0       0xa8 src/ASF/sam/drivers/spi/spi.o
 .debug_aranges
                0x00000498       0x98 src/ASF/common/services/clock/same70/sysclk.o
 .debug_aranges
                0x00000530       0x28 src/ASF/common/utils/interrupt/interrupt_sam_nvic.o
 .debug_aranges
                0x00000558       0x68 src/ASF/sam/boards/same70_xplained/init.o
 .debug_aranges
                0x000005c0      0x1a8 src/ASF/sam/drivers/pio/pio.o
 .debug_aranges
                0x00000768       0x80 src/ASF/sam/drivers/pio/pio_handler.o
 .debug_aranges
                0x000007e8      0x250 src/ASF/sam/drivers/pmc/pmc.o
 .debug_aranges
                0x00000a38       0x30 src/ASF/sam/drivers/pmc/sleep.o
 .debug_aranges
                0x00000a68       0x40 src/ASF/sam/utils/cmsis/same70/source/templates/gcc/startup_same70.o
 .debug_aranges
                0x00000aa8       0x30 src/ASF/sam/utils/cmsis/same70/source/templates/system_same70.o
 .debug_aranges